20:15:10 **** Incremental Build of configuration Debug for project section_2 ****
make -j8 all 
arm-none-eabi-gcc "../Src/main.c" -mcpu=cortex-m4 -std=gnu11 -g3 -DDEBUG -DSTM32 -DSTM32F4 -DSTM32F446RETx -DNUCLEO_F446RE -c -I../Inc -I"Z:/gitSpace/stm32learn/myworkspace_bare_metal/target/chip_headers/chip/include" -I"Z:/gitSpace/stm32learn/myworkspace_bare_metal/target/chip_headers/core/include" -O0 -ffunction-sections -fdata-sections -Wall -fstack-usage -fcyclomatic-complexity -MMD -MP -MF"Src/main.d" -MT"Src/main.o" --specs=nano.specs -mfpu=fpv4-sp-d16 -mfloat-abi=hard -mthumb -o "Src/main.o"
arm-none-eabi-gcc -o "section_2.elf" @"objects.list"   -mcpu=cortex-m4 -T"Z:\gitSpace\stm32learn\myworkspace_bare_metal\target\section_2\STM32F446RETX_FLASH.ld" --specs=nosys.specs -Wl,-Map="section_2.map" -Wl,--gc-sections -static --specs=nano.specs -mfpu=fpv4-sp-d16 -mfloat-abi=hard -mthumb -Wl,--start-group -lc -lm -Wl,--end-group
Finished building target: section_2.elf
 
arm-none-eabi-size  section_2.elf 
arm-none-eabi-objdump -h -S section_2.elf  > "section_2.list"
   text	   data	    bss	    dec	    hex	filename
    792	      0	   1568	   2360	    938	section_2.elf
Finished building: default.size.stdout
 
Finished building: section_2.list
 
20:15:37 **** Incremental Build of configuration Debug for project section_2 ****
make -j8 all 
arm-none-eabi-size  section_2.elf 
   text	   data	    bss	    dec	    hex	filename
    792	      0	   1568	   2360	    938	section_2.elf
Finished building: default.size.stdout
 
20:16:07 **** Incremental Build of configuration Debug for project section_2 ****
make -j8 all 
arm-none-eabi-gcc "../Src/main.c" -mcpu=cortex-m4 -std=gnu11 -g3 -DDEBUG -DSTM32 -DSTM32F4 -DSTM32F446RETx -DNUCLEO_F446RE -c -I../Inc -I"Z:/gitSpace/stm32learn/myworkspace_bare_metal/target/chip_headers/chip/include" -I"Z:/gitSpace/stm32learn/myworkspace_bare_metal/target/chip_headers/core/include" -O0 -ffunction-sections -fdata-sections -Wall -fstack-usage -fcyclomatic-complexity -MMD -MP -MF"Src/main.d" -MT"Src/main.o" --specs=nano.specs -mfpu=fpv4-sp-d16 -mfloat-abi=hard -mthumb -o "Src/main.o"
arm-none-eabi-gcc -o "section_2.elf" @"objects.list"   -mcpu=cortex-m4 -T"Z:\gitSpace\stm32learn\myworkspace_bare_metal\target\section_2\STM32F446RETX_FLASH.ld" --specs=nosys.specs -Wl,-Map="section_2.map" -Wl,--gc-sections -static --specs=nano.specs -mfpu=fpv4-sp-d16 -mfloat-abi=hard -mthumb -Wl,--start-group -lc -lm -Wl,--end-group
Finished building target: section_2.elf
 
arm-none-eabi-size  section_2.elf 
arm-none-eabi-objdump -h -S section_2.elf  > "section_2.list"
   text	   data	    bss	    dec	    hex	filename
    792	      0	   1568	   2360	    938	section_2.elf
Finished building: default.size.stdout
 
Finished building: section_2.list
 
20:16:31 **** Incremental Build of configuration Debug for project section_2 ****
make -j8 all 
arm-none-eabi-gcc "../Src/main.c" -mcpu=cortex-m4 -std=gnu11 -g3 -DDEBUG -DSTM32 -DSTM32F4 -DSTM32F446RETx -DNUCLEO_F446RE -c -I../Inc -I"Z:/gitSpace/stm32learn/myworkspace_bare_metal/target/chip_headers/chip/include" -I"Z:/gitSpace/stm32learn/myworkspace_bare_metal/target/chip_headers/core/include" -O0 -ffunction-sections -fdata-sections -Wall -fstack-usage -fcyclomatic-complexity -MMD -MP -MF"Src/main.d" -MT"Src/main.o" --specs=nano.specs -mfpu=fpv4-sp-d16 -mfloat-abi=hard -mthumb -o "Src/main.o"
arm-none-eabi-gcc -o "section_2.elf" @"objects.list"   -mcpu=cortex-m4 -T"Z:\gitSpace\stm32learn\myworkspace_bare_metal\target\section_2\STM32F446RETX_FLASH.ld" --specs=nosys.specs -Wl,-Map="section_2.map" -Wl,--gc-sections -static --specs=nano.specs -mfpu=fpv4-sp-d16 -mfloat-abi=hard -mthumb -Wl,--start-group -lc -lm -Wl,--end-group
Finished building target: section_2.elf
 
arm-none-eabi-size  section_2.elf 
arm-none-eabi-objdump -h -S section_2.elf  > "section_2.list"
   text	   data	    bss	    dec	    hex	filename
    792	      0	   1568	   2360	    938	section_2.elf
Finished building: default.size.stdout
 
Finished building: section_2.list
 
20:17:44 **** Incremental Build of configuration Debug for project section_2 ****
make -j8 all 
arm-none-eabi-size  section_2.elf 
   text	   data	    bss	    dec	    hex	filename
    792	      0	   1568	   2360	    938	section_2.elf
Finished building: default.size.stdout
 
