Middlewares/ST/STM32_USB_Host_Library/Core/Src/usbh_ctlreq.c:96:USBH_Get_DevDesc	16	static
Middlewares/ST/STM32_USB_Host_Library/Core/Src/usbh_ctlreq.c:199:USBH_GetDescriptor	8	static
Middlewares/ST/STM32_USB_Host_Library/Core/Src/usbh_ctlreq.c:129:USBH_Get_CfgDesc	72	static
Middlewares/ST/STM32_USB_Host_Library/Core/Src/usbh_ctlreq.c:163:USBH_Get_StringDesc	32	static
Middlewares/ST/STM32_USB_Host_Library/Core/Src/usbh_ctlreq.c:749:USBH_CtlReq	32	static
Middlewares/ST/STM32_USB_Host_Library/Core/Src/usbh_ctlreq.c:230:USBH_SetAddress	0	static
Middlewares/ST/STM32_USB_Host_Library/Core/Src/usbh_ctlreq.c:256:USBH_SetCfg	0	static
Middlewares/ST/STM32_USB_Host_Library/Core/Src/usbh_ctlreq.c:280:USBH_SetInterface	0	static
Middlewares/ST/STM32_USB_Host_Library/Core/Src/usbh_ctlreq.c:304:USBH_SetFeature	0	static
Middlewares/ST/STM32_USB_Host_Library/Core/Src/usbh_ctlreq.c:329:USBH_ClrFeature	0	static
Middlewares/ST/STM32_USB_Host_Library/Core/Src/usbh_ctlreq.c:727:USBH_GetNextDesc	0	static
