Middlewares/ST/STM32_USB_Host_Library/Core/Src/usbh_core.c:95:USBH_Init	24	static
Middlewares/ST/STM32_USB_Host_Library/Core/Src/usbh_core.c:177:USBH_DeInit	16	static
Middlewares/ST/STM32_USB_Host_Library/Core/Src/usbh_core.c:266:USBH_RegisterClass	0	static
Middlewares/ST/STM32_USB_Host_Library/Core/Src/usbh_core.c:301:USBH_SelectInterface	0	static
Middlewares/ST/STM32_USB_Host_Library/Core/Src/usbh_core.c:330:USBH_GetActiveClass	0	static
Middlewares/ST/STM32_USB_Host_Library/Core/Src/usbh_core.c:346:USBH_FindInterface	16	static
Middlewares/ST/STM32_USB_Host_Library/Core/Src/usbh_core.c:379:USBH_FindInterfaceIndex	8	static
Middlewares/ST/STM32_USB_Host_Library/Core/Src/usbh_core.c:407:USBH_Start	8	static
Middlewares/ST/STM32_USB_Host_Library/Core/Src/usbh_core.c:425:USBH_Stop	8	static
Middlewares/ST/STM32_USB_Host_Library/Core/Src/usbh_core.c:447:USBH_ReEnumerate	16	static
Middlewares/ST/STM32_USB_Host_Library/Core/Src/usbh_core.c:1187:USBH_IsPortEnabled	0	static
Middlewares/ST/STM32_USB_Host_Library/Core/Src/usbh_core.c:473:USBH_Process	40	static
Middlewares/ST/STM32_USB_Host_Library/Core/Src/usbh_core.c:1114:USBH_LL_SetTimer	0	static
Middlewares/ST/STM32_USB_Host_Library/Core/Src/usbh_core.c:1126:USBH_LL_IncTimer	0	static
Middlewares/ST/STM32_USB_Host_Library/Core/Src/usbh_core.c:1154:USBH_LL_PortEnabled	0	static
Middlewares/ST/STM32_USB_Host_Library/Core/Src/usbh_core.c:1172:USBH_LL_PortDisabled	0	static
Middlewares/ST/STM32_USB_Host_Library/Core/Src/usbh_core.c:1199:USBH_LL_Connect	0	static
Middlewares/ST/STM32_USB_Host_Library/Core/Src/usbh_core.c:1219:USBH_LL_Disconnect	8	static
