STMicroelectronics Memory Configuration

Name     Origin   Length   Bytes-Used %age-Used Attributes
RAM 0x20000000 0x020000 0x001108        3%  rwx     
CCMRAM 0x10000000 0x010000 0x000000        0%  rwx     
FLASH 0x8000000 0x100000 0x0052d4        2%  rx      

     VMA      LMA     Size Align Out     In      Symbol
       0        0        0     1 _estack = ORIGIN(RAM) + LENGTH(RAM)
       0        0        0     1 _sstack = _estack - _Min_Stack_Size
       0        0        0     1 _Min_Heap_Size = 0x200
       0        0        0     1 _Min_Stack_Size = 0x400
 8000000  8000000      188     1 .isr_vector
 8000000  8000000        0     1         . = ALIGN(4)
 8000000  8000000      188     1         CMakeFiles/work.dir/startup_stm32f407xx.s.obj:(.isr_vector)
 8000000  8000000      188     1                 g_pfnVectors
 8000188  8000188        0     1         . = ALIGN(4)
 8000190  8000190     50e0    16 .text
 8000190  8000190        0     1         . = ALIGN(4)
 8000190  8000190       14     4         C:/Users/Jesus/AppData/Local/stm32cube/bundles/st-arm-clang/21.1.1+st.6/bin/../lib/clang-runtimes/arm-none-eabi/armv7m_hard_fpv4_sp_d16_exn_rtti_unaligned_size/lib/libclang_rt.builtins.a(aeabi_uldivmod.S.obj):(.text)
 8000190  8000190        0     1                 $t
 8000191  8000191       14     1                 __aeabi_uldivmod
 80001a4  80001a4       12     4         cmake/stm32cubemx/CMakeFiles/STM32_Drivers.dir/__/__/Core/Src/system_stm32f4xx.c.obj:(.text.SystemInit)
 80001a4  80001a4        0     1                 $t
 80001a5  80001a5       12     1                 SystemInit
 80001b8  80001b8       7c     4         cmake/stm32cubemx/CMakeFiles/STM32_Drivers.dir/__/__/Drivers/STM32F4xx_HAL_Driver/Src/stm32f4xx_hal_hcd.c.obj:(.text.HAL_HCD_Init)
 80001b8  80001b8        0     1                 $t
 80001b9  80001b9       7c     1                 HAL_HCD_Init
 8000234  8000234       b2     4         cmake/stm32cubemx/CMakeFiles/STM32_Drivers.dir/__/__/Drivers/STM32F4xx_HAL_Driver/Src/stm32f4xx_hal_hcd.c.obj:(.text.HAL_HCD_HC_Init)
 8000234  8000234        0     1                 $t
 8000235  8000235       b2     1                 HAL_HCD_HC_Init
 80002e8  80002e8       9c     4         cmake/stm32cubemx/CMakeFiles/STM32_Drivers.dir/__/__/Drivers/STM32F4xx_HAL_Driver/Src/stm32f4xx_hal_hcd.c.obj:(.text.HAL_HCD_HC_SubmitRequest)
 80002e8  80002e8        0     1                 $t
 80002e9  80002e9       9c     1                 HAL_HCD_HC_SubmitRequest
 8000326  8000326        0     1                 $d
 800032a  800032a        0     1                 $t
 8000384  8000384      8ee     4         cmake/stm32cubemx/CMakeFiles/STM32_Drivers.dir/__/__/Drivers/STM32F4xx_HAL_Driver/Src/stm32f4xx_hal_hcd.c.obj:(.text.HAL_HCD_IRQHandler)
 8000384  8000384        0     1                 $t
 8000385  8000385      8ee     1                 HAL_HCD_IRQHandler
 80005ec  80005ec        0     1                 $d
 80005fe  80005fe        0     1                 $t
 8000826  8000826        0     1                 $d
 800082a  800082a        0     1                 $t
 80008c4  80008c4        0     1                 $d
 80008ce  80008ce        0     1                 $t
 8000c74  8000c74       2a     4         cmake/stm32cubemx/CMakeFiles/STM32_Drivers.dir/__/__/Drivers/STM32F4xx_HAL_Driver/Src/stm32f4xx_hal_hcd.c.obj:(.text.HAL_HCD_Start)
 8000c74  8000c74        0     1                 $t
 8000c75  8000c75       2a     1                 HAL_HCD_Start
 8000ca0  8000ca0       24     4         cmake/stm32cubemx/CMakeFiles/STM32_Drivers.dir/__/__/Drivers/STM32F4xx_HAL_Driver/Src/stm32f4xx_hal_hcd.c.obj:(.text.HAL_HCD_Stop)
 8000ca0  8000ca0        0     1                 $t
 8000ca1  8000ca1       24     1                 HAL_HCD_Stop
 8000cc4  8000cc4        8     4         cmake/stm32cubemx/CMakeFiles/STM32_Drivers.dir/__/__/Drivers/STM32F4xx_HAL_Driver/Src/stm32f4xx_hal_hcd.c.obj:(.text.HAL_HCD_ResetPort)
 8000cc4  8000cc4        0     1                 $t
 8000cc5  8000cc5        8     1                 HAL_HCD_ResetPort
 8000ccc  8000ccc       10     4         cmake/stm32cubemx/CMakeFiles/STM32_Drivers.dir/__/__/Drivers/STM32F4xx_HAL_Driver/Src/stm32f4xx_hal_hcd.c.obj:(.text.HAL_HCD_HC_GetURBState)
 8000ccc  8000ccc        0     1                 $t
 8000ccd  8000ccd       10     1                 HAL_HCD_HC_GetURBState
 8000cdc  8000cdc        e     4         cmake/stm32cubemx/CMakeFiles/STM32_Drivers.dir/__/__/Drivers/STM32F4xx_HAL_Driver/Src/stm32f4xx_hal_hcd.c.obj:(.text.HAL_HCD_HC_GetXferCount)
 8000cdc  8000cdc        0     1                 $t
 8000cdd  8000cdd        e     1                 HAL_HCD_HC_GetXferCount
 8000cec  8000cec        8     4         cmake/stm32cubemx/CMakeFiles/STM32_Drivers.dir/__/__/Drivers/STM32F4xx_HAL_Driver/Src/stm32f4xx_hal_hcd.c.obj:(.text.HAL_HCD_GetCurrentFrame)
 8000cec  8000cec        0     1                 $t
 8000ced  8000ced        8     1                 HAL_HCD_GetCurrentFrame
 8000cf4  8000cf4        8     4         cmake/stm32cubemx/CMakeFiles/STM32_Drivers.dir/__/__/Drivers/STM32F4xx_HAL_Driver/Src/stm32f4xx_hal_hcd.c.obj:(.text.HAL_HCD_GetCurrentSpeed)
 8000cf4  8000cf4        0     1                 $t
 8000cf5  8000cf5        8     1                 HAL_HCD_GetCurrentSpeed
 8000cfc  8000cfc      13c     4         cmake/stm32cubemx/CMakeFiles/STM32_Drivers.dir/__/__/Drivers/STM32F4xx_HAL_Driver/Src/stm32f4xx_ll_usb.c.obj:(.text.USB_CoreInit)
 8000cfc  8000cfc        0     1                 $t
 8000cfd  8000cfd      13c     1                 USB_CoreInit
 8000e38  8000e38        c     4         cmake/stm32cubemx/CMakeFiles/STM32_Drivers.dir/__/__/Drivers/STM32F4xx_HAL_Driver/Src/stm32f4xx_ll_usb.c.obj:(.text.USB_EnableGlobalInt)
 8000e38  8000e38        0     1                 $t
 8000e39  8000e39        c     1                 USB_EnableGlobalInt
 8000e44  8000e44        c     4         cmake/stm32cubemx/CMakeFiles/STM32_Drivers.dir/__/__/Drivers/STM32F4xx_HAL_Driver/Src/stm32f4xx_ll_usb.c.obj:(.text.USB_DisableGlobalInt)
 8000e44  8000e44        0     1                 $t
 8000e45  8000e45        c     1                 USB_DisableGlobalInt
 8000e50  8000e50       6c     4         cmake/stm32cubemx/CMakeFiles/STM32_Drivers.dir/__/__/Drivers/STM32F4xx_HAL_Driver/Src/stm32f4xx_ll_usb.c.obj:(.text.USB_SetCurrentMode)
 8000e50  8000e50        0     1                 $t
 8000e51  8000e51       6c     1                 USB_SetCurrentMode
 8000ebc  8000ebc        a     4         cmake/stm32cubemx/CMakeFiles/STM32_Drivers.dir/__/__/Drivers/STM32F4xx_HAL_Driver/Src/stm32f4xx_ll_usb.c.obj:(.text.USB_GetMode)
 8000ebc  8000ebc        0     1                 $t
 8000ebd  8000ebd        a     1                 USB_GetMode
 8000ec8  8000ec8       48     4         cmake/stm32cubemx/CMakeFiles/STM32_Drivers.dir/__/__/Drivers/STM32F4xx_HAL_Driver/Src/stm32f4xx_ll_usb.c.obj:(.text.USB_FlushTxFifo)
 8000ec8  8000ec8        0     1                 $t
 8000ec9  8000ec9       48     1                 USB_FlushTxFifo
 8000f10  8000f10       48     4         cmake/stm32cubemx/CMakeFiles/STM32_Drivers.dir/__/__/Drivers/STM32F4xx_HAL_Driver/Src/stm32f4xx_ll_usb.c.obj:(.text.USB_FlushRxFifo)
 8000f10  8000f10        0     1                 $t
 8000f11  8000f11       48     1                 USB_FlushRxFifo
 8000f58  8000f58       5c     4         cmake/stm32cubemx/CMakeFiles/STM32_Drivers.dir/__/__/Drivers/STM32F4xx_HAL_Driver/Src/stm32f4xx_ll_usb.c.obj:(.text.USB_ReadPacket)
 8000f58  8000f58        0     1                 $t
 8000f59  8000f59       5c     1                 USB_ReadPacket
 8000fb4  8000fb4        a     4         cmake/stm32cubemx/CMakeFiles/STM32_Drivers.dir/__/__/Drivers/STM32F4xx_HAL_Driver/Src/stm32f4xx_ll_usb.c.obj:(.text.USB_ReadInterrupts)
 8000fb4  8000fb4        0     1                 $t
 8000fb5  8000fb5        a     1                 USB_ReadInterrupts
 8000fc0  8000fc0       12     4         cmake/stm32cubemx/CMakeFiles/STM32_Drivers.dir/__/__/Drivers/STM32F4xx_HAL_Driver/Src/stm32f4xx_ll_usb.c.obj:(.text.USB_ReadChInterrupts)
 8000fc0  8000fc0        0     1                 $t
 8000fc1  8000fc1       12     1                 USB_ReadChInterrupts
 8000fd4  8000fd4      1ac     4         cmake/stm32cubemx/CMakeFiles/STM32_Drivers.dir/__/__/Drivers/STM32F4xx_HAL_Driver/Src/stm32f4xx_ll_usb.c.obj:(.text.USB_HostInit)
 8000fd4  8000fd4        0     1                 $t
 8000fd5  8000fd5      1ac     1                 USB_HostInit
 8001180  8001180       3e     4         cmake/stm32cubemx/CMakeFiles/STM32_Drivers.dir/__/__/Drivers/STM32F4xx_HAL_Driver/Src/stm32f4xx_ll_usb.c.obj:(.text.USB_InitFSLSPClkSel)
 8001180  8001180        0     1                 $t
 8001181  8001181       3e     1                 USB_InitFSLSPClkSel
 80011c0  80011c0       3e     4         cmake/stm32cubemx/CMakeFiles/STM32_Drivers.dir/__/__/Drivers/STM32F4xx_HAL_Driver/Src/stm32f4xx_ll_usb.c.obj:(.text.USB_ResetPort)
 80011c0  80011c0        0     1                 $t
 80011c1  80011c1       3e     1                 USB_ResetPort
 8001200  8001200       44     4         cmake/stm32cubemx/CMakeFiles/STM32_Drivers.dir/__/__/Drivers/STM32F4xx_HAL_Driver/Src/stm32f4xx_ll_usb.c.obj:(.text.USB_DriveVbus)
 8001200  8001200        0     1                 $t
 8001201  8001201       44     1                 USB_DriveVbus
 8001244  8001244       18     4         cmake/stm32cubemx/CMakeFiles/STM32_Drivers.dir/__/__/Drivers/STM32F4xx_HAL_Driver/Src/stm32f4xx_ll_usb.c.obj:(.text.USB_GetHostSpeed)
 8001244  8001244        0     1                 $t
 8001245  8001245       18     1                 USB_GetHostSpeed
 800125c  800125c        a     4         cmake/stm32cubemx/CMakeFiles/STM32_Drivers.dir/__/__/Drivers/STM32F4xx_HAL_Driver/Src/stm32f4xx_ll_usb.c.obj:(.text.USB_GetCurrentFrame)
 800125c  800125c        0     1                 $t
 800125d  800125d        a     1                 USB_GetCurrentFrame
 8001268  8001268      144     4         cmake/stm32cubemx/CMakeFiles/STM32_Drivers.dir/__/__/Drivers/STM32F4xx_HAL_Driver/Src/stm32f4xx_ll_usb.c.obj:(.text.USB_HC_Init)
 8001268  8001268        0     1                 $t
 8001269  8001269      144     1                 USB_HC_Init
 8001294  8001294        0     1                 $d
 8001298  8001298        0     1                 $t
 80013ac  80013ac      284     4         cmake/stm32cubemx/CMakeFiles/STM32_Drivers.dir/__/__/Drivers/STM32F4xx_HAL_Driver/Src/stm32f4xx_ll_usb.c.obj:(.text.USB_HC_StartXfer)
 80013ac  80013ac        0     1                 $t
 80013ad  80013ad      284     1                 USB_HC_StartXfer
 8001522  8001522        0     1                 $d
 8001526  8001526        0     1                 $t
 8001582  8001582        0     1                 $d
 8001586  8001586        0     1                 $t
 8001630  8001630        a     4         cmake/stm32cubemx/CMakeFiles/STM32_Drivers.dir/__/__/Drivers/STM32F4xx_HAL_Driver/Src/stm32f4xx_ll_usb.c.obj:(.text.USB_HC_ReadInterrupt)
 8001630  8001630        0     1                 $t
 8001631  8001631        a     1                 USB_HC_ReadInterrupt
 800163c  800163c       c6     4         cmake/stm32cubemx/CMakeFiles/STM32_Drivers.dir/__/__/Drivers/STM32F4xx_HAL_Driver/Src/stm32f4xx_ll_usb.c.obj:(.text.USB_HC_Halt)
 800163c  800163c        0     1                 $t
 800163d  800163d       c6     1                 USB_HC_Halt
 8001704  8001704      108     4         cmake/stm32cubemx/CMakeFiles/STM32_Drivers.dir/__/__/Drivers/STM32F4xx_HAL_Driver/Src/stm32f4xx_ll_usb.c.obj:(.text.USB_StopHost)
 8001704  8001704        0     1                 $t
 8001705  8001705      108     1                 USB_StopHost
 800180c  800180c      36e     4         cmake/stm32cubemx/CMakeFiles/STM32_Drivers.dir/__/__/Drivers/STM32F4xx_HAL_Driver/Src/stm32f4xx_hal_rcc.c.obj:(.text.HAL_RCC_OscConfig)
 800180c  800180c        0     1                 $t
 800180d  800180d      36e     1                 HAL_RCC_OscConfig
 8001b7c  8001b7c      140     4         cmake/stm32cubemx/CMakeFiles/STM32_Drivers.dir/__/__/Drivers/STM32F4xx_HAL_Driver/Src/stm32f4xx_hal_rcc.c.obj:(.text.HAL_RCC_ClockConfig)
 8001b7c  8001b7c        0     1                 $t
 8001b7d  8001b7d      140     1                 HAL_RCC_ClockConfig
 8001cbc  8001cbc       74     4         cmake/stm32cubemx/CMakeFiles/STM32_Drivers.dir/__/__/Drivers/STM32F4xx_HAL_Driver/Src/stm32f4xx_hal_rcc.c.obj:(.text.HAL_RCC_GetSysClockFreq)
 8001cbc  8001cbc        0     1                 $t
 8001cbd  8001cbd       74     1                 HAL_RCC_GetSysClockFreq
 8001cde  8001cde        0     1                 $d
 8001ce2  8001ce2        0     1                 $t
 8001d30  8001d30       26     4         cmake/stm32cubemx/CMakeFiles/STM32_Drivers.dir/__/__/Drivers/STM32F4xx_HAL_Driver/Src/stm32f4xx_hal_rcc.c.obj:(.text.HAL_RCC_GetPCLK1Freq)
 8001d30  8001d30        0     1                 $t
 8001d31  8001d31       26     1                 HAL_RCC_GetPCLK1Freq
 8001d58  8001d58      154     4         cmake/stm32cubemx/CMakeFiles/STM32_Drivers.dir/__/__/Drivers/STM32F4xx_HAL_Driver/Src/stm32f4xx_hal_rcc_ex.c.obj:(.text.HAL_RCCEx_PeriphCLKConfig)
 8001d58  8001d58        0     1                 $t
 8001d59  8001d59      154     1                 HAL_RCCEx_PeriphCLKConfig
 8001eac  8001eac       70     4         cmake/stm32cubemx/CMakeFiles/STM32_Drivers.dir/__/__/Drivers/STM32F4xx_HAL_Driver/Src/stm32f4xx_hal_rcc_ex.c.obj:(.text.HAL_RCCEx_GetPeriphCLKFreq)
 8001eac  8001eac        0     1                 $t
 8001ead  8001ead       70     1                 HAL_RCCEx_GetPeriphCLKFreq
 8001f1c  8001f1c      198     4         cmake/stm32cubemx/CMakeFiles/STM32_Drivers.dir/__/__/Drivers/STM32F4xx_HAL_Driver/Src/stm32f4xx_hal_gpio.c.obj:(.text.HAL_GPIO_Init)
 8001f1c  8001f1c        0     1                 $t
 8001f1d  8001f1d      198     1                 HAL_GPIO_Init
 80020b4  80020b4        a     4         cmake/stm32cubemx/CMakeFiles/STM32_Drivers.dir/__/__/Drivers/STM32F4xx_HAL_Driver/Src/stm32f4xx_hal_gpio.c.obj:(.text.HAL_GPIO_WritePin)
 80020b4  80020b4        0     1                 $t
 80020b5  80020b5        a     1                 HAL_GPIO_WritePin
 80020c0  80020c0      152     4         cmake/stm32cubemx/CMakeFiles/STM32_Drivers.dir/__/__/Drivers/STM32F4xx_HAL_Driver/Src/stm32f4xx_hal_dma.c.obj:(.text.HAL_DMA_Init)
 80020c0  80020c0        0     1                 $t
 80020c1  80020c1      152     1                 HAL_DMA_Init
 8002194  8002194        0     1                 $d
 8002198  8002198        0     1                 $t
 8002214  8002214       a6     4         cmake/stm32cubemx/CMakeFiles/STM32_Drivers.dir/__/__/Drivers/STM32F4xx_HAL_Driver/Src/stm32f4xx_hal_dma.c.obj:(.text.HAL_DMA_Start_IT)
 8002214  8002214        0     1                 $t
 8002215  8002215       a6     1                 HAL_DMA_Start_IT
 80022bc  80022bc      18a     4         cmake/stm32cubemx/CMakeFiles/STM32_Drivers.dir/__/__/Drivers/STM32F4xx_HAL_Driver/Src/stm32f4xx_hal_dma.c.obj:(.text.HAL_DMA_IRQHandler)
 80022bc  80022bc        0     1                 $t
 80022bd  80022bd      18a     1                 HAL_DMA_IRQHandler
 8002448  8002448       20     4         cmake/stm32cubemx/CMakeFiles/STM32_Drivers.dir/__/__/Drivers/STM32F4xx_HAL_Driver/Src/stm32f4xx_hal_cortex.c.obj:(.text.HAL_NVIC_SetPriorityGrouping)
 8002448  8002448        0     1                 $t
 8002449  8002449       20     1                 HAL_NVIC_SetPriorityGrouping
 8002468  8002468       5c     4         cmake/stm32cubemx/CMakeFiles/STM32_Drivers.dir/__/__/Drivers/STM32F4xx_HAL_Driver/Src/stm32f4xx_hal_cortex.c.obj:(.text.HAL_NVIC_SetPriority)
 8002468  8002468        0     1                 $t
 8002469  8002469       5c     1                 HAL_NVIC_SetPriority
 80024c4  80024c4       22     4         cmake/stm32cubemx/CMakeFiles/STM32_Drivers.dir/__/__/Drivers/STM32F4xx_HAL_Driver/Src/stm32f4xx_hal_cortex.c.obj:(.text.HAL_NVIC_EnableIRQ)
 80024c4  80024c4        0     1                 $t
 80024c5  80024c5       22     1                 HAL_NVIC_EnableIRQ
 80024e8  80024e8       32     4         cmake/stm32cubemx/CMakeFiles/STM32_Drivers.dir/__/__/Drivers/STM32F4xx_HAL_Driver/Src/stm32f4xx_hal_cortex.c.obj:(.text.HAL_SYSTICK_Config)
 80024e8  80024e8        0     1                 $t
 80024e9  80024e9       32     1                 HAL_SYSTICK_Config
 800251c  800251c       36     4         cmake/stm32cubemx/CMakeFiles/STM32_Drivers.dir/__/__/Drivers/STM32F4xx_HAL_Driver/Src/stm32f4xx_hal.c.obj:(.text.HAL_Init)
 800251c  800251c        0     1                 $t
 800251d  800251d       36     1                 HAL_Init
 8002554  8002554       50     4         cmake/stm32cubemx/CMakeFiles/STM32_Drivers.dir/__/__/Drivers/STM32F4xx_HAL_Driver/Src/stm32f4xx_hal.c.obj:(.text.HAL_InitTick)
 8002554  8002554        0     1                 $t
 8002555  8002555       50     1                 HAL_InitTick
 80025a4  80025a4       1a     4         cmake/stm32cubemx/CMakeFiles/STM32_Drivers.dir/__/__/Drivers/STM32F4xx_HAL_Driver/Src/stm32f4xx_hal.c.obj:(.text.HAL_IncTick)
 80025a4  80025a4        0     1                 $t
 80025a5  80025a5       1a     1                 HAL_IncTick
 80025c0  80025c0        c     4         cmake/stm32cubemx/CMakeFiles/STM32_Drivers.dir/__/__/Drivers/STM32F4xx_HAL_Driver/Src/stm32f4xx_hal.c.obj:(.text.HAL_GetTick)
 80025c0  80025c0        0     1                 $t
 80025c1  80025c1        c     1                 HAL_GetTick
 80025cc  80025cc       28     4         cmake/stm32cubemx/CMakeFiles/STM32_Drivers.dir/__/__/Drivers/STM32F4xx_HAL_Driver/Src/stm32f4xx_hal.c.obj:(.text.HAL_Delay)
 80025cc  80025cc        0     1                 $t
 80025cd  80025cd       28     1                 HAL_Delay
 80025f4  80025f4      170     4         cmake/stm32cubemx/CMakeFiles/STM32_Drivers.dir/__/__/Drivers/STM32F4xx_HAL_Driver/Src/stm32f4xx_hal_i2c.c.obj:(.text.HAL_I2C_Init)
 80025f4  80025f4        0     1                 $t
 80025f5  80025f5      170     1                 HAL_I2C_Init
 8002764  8002764       74     4         cmake/stm32cubemx/CMakeFiles/STM32_Drivers.dir/__/__/Drivers/STM32F4xx_HAL_Driver/Src/stm32f4xx_hal_i2c.c.obj:(.text.I2C_WaitOnBTFFlagUntilTimeout)
 8002764  8002764        0     1                 $t
 8002765  8002765       74     1                 I2C_WaitOnBTFFlagUntilTimeout
 80027d8  80027d8      1aa     4         cmake/stm32cubemx/CMakeFiles/STM32_Drivers.dir/__/__/Drivers/STM32F4xx_HAL_Driver/Src/stm32f4xx_hal_i2c.c.obj:(.text.HAL_I2C_Mem_Write)
 80027d8  80027d8        0     1                 $t
 80027d9  80027d9      1aa     1                 HAL_I2C_Mem_Write
 8002984  8002984      1d6     4         cmake/stm32cubemx/CMakeFiles/STM32_Drivers.dir/__/__/Drivers/STM32F4xx_HAL_Driver/Src/stm32f4xx_hal_i2c.c.obj:(.text.I2C_RequestMemoryWrite)
 8002984  8002984        0     1                 $t
 8002985  8002985      1d6     1                 I2C_RequestMemoryWrite
 8002b5c  8002b5c      194     4         cmake/stm32cubemx/CMakeFiles/STM32_Drivers.dir/__/__/Drivers/STM32F4xx_HAL_Driver/Src/stm32f4xx_hal_i2s.c.obj:(.text.HAL_I2S_Init)
 8002b5c  8002b5c        0     1                 $t
 8002b5d  8002b5d      194     1                 HAL_I2S_Init
 8002cf0  8002cf0       fe     4         cmake/stm32cubemx/CMakeFiles/STM32_Drivers.dir/__/__/Drivers/STM32F4xx_HAL_Driver/Src/stm32f4xx_hal_i2s.c.obj:(.text.I2S_IRQHandler)
 8002cf0  8002cf0        0     1                 $t
 8002cf1  8002cf1       fe     1                 I2S_IRQHandler
 8002df0  8002df0       d4     4         cmake/stm32cubemx/CMakeFiles/STM32_Drivers.dir/__/__/Drivers/STM32F4xx_HAL_Driver/Src/stm32f4xx_hal_i2s.c.obj:(.text.HAL_I2S_Transmit_DMA)
 8002df0  8002df0        0     1                 $t
 8002df1  8002df1       d4     1                 HAL_I2S_Transmit_DMA
 8002ec4  8002ec4        8     4         cmake/stm32cubemx/CMakeFiles/STM32_Drivers.dir/__/__/Drivers/STM32F4xx_HAL_Driver/Src/stm32f4xx_hal_i2s.c.obj:(.text.I2S_DMATxHalfCplt)
 8002ec4  8002ec4        0     1                 $t
 8002ec5  8002ec5        8     1                 I2S_DMATxHalfCplt
 8002ecc  8002ecc       26     4         cmake/stm32cubemx/CMakeFiles/STM32_Drivers.dir/__/__/Drivers/STM32F4xx_HAL_Driver/Src/stm32f4xx_hal_i2s.c.obj:(.text.I2S_DMATxCplt)
 8002ecc  8002ecc        0     1                 $t
 8002ecd  8002ecd       26     1                 I2S_DMATxCplt
 8002ef4  8002ef4       26     4         cmake/stm32cubemx/CMakeFiles/STM32_Drivers.dir/__/__/Drivers/STM32F4xx_HAL_Driver/Src/stm32f4xx_hal_i2s.c.obj:(.text.I2S_DMAError)
 8002ef4  8002ef4        0     1                 $t
 8002ef5  8002ef5       26     1                 I2S_DMAError
 8002f1c  8002f1c        4     4         cmake/stm32cubemx/CMakeFiles/STM32_Drivers.dir/__/__/Drivers/STM32F4xx_HAL_Driver/Src/stm32f4xx_hal_i2s.c.obj:(.text.HAL_I2S_IRQHandler)
 8002f1c  8002f1c        0     1                 $t
 8002f1d  8002f1d        4     1                 HAL_I2S_IRQHandler
 8002f20  8002f20        2     4         cmake/stm32cubemx/CMakeFiles/STM32_Drivers.dir/__/__/Drivers/STM32F4xx_HAL_Driver/Src/stm32f4xx_hal_i2s.c.obj:(.text.HAL_I2S_TxHalfCpltCallback)
 8002f20  8002f20        0     1                 $t
 8002f21  8002f21        2     1                 HAL_I2S_TxHalfCpltCallback
 8002f24  8002f24        2     4         cmake/stm32cubemx/CMakeFiles/STM32_Drivers.dir/__/__/Drivers/STM32F4xx_HAL_Driver/Src/stm32f4xx_hal_i2s.c.obj:(.text.HAL_I2S_TxCpltCallback)
 8002f24  8002f24        0     1                 $t
 8002f25  8002f25        2     1                 HAL_I2S_TxCpltCallback
 8002f28  8002f28        2     4         cmake/stm32cubemx/CMakeFiles/STM32_Drivers.dir/__/__/Drivers/STM32F4xx_HAL_Driver/Src/stm32f4xx_hal_i2s.c.obj:(.text.HAL_I2S_RxCpltCallback)
 8002f28  8002f28        0     1                 $t
 8002f29  8002f29        2     1                 HAL_I2S_RxCpltCallback
 8002f2c  8002f2c        2     4         cmake/stm32cubemx/CMakeFiles/STM32_Drivers.dir/__/__/Drivers/STM32F4xx_HAL_Driver/Src/stm32f4xx_hal_i2s.c.obj:(.text.HAL_I2S_ErrorCallback)
 8002f2c  8002f2c        0     1                 $t
 8002f2d  8002f2d        2     1                 HAL_I2S_ErrorCallback
 8002f30  8002f30      268     4         cmake/stm32cubemx/CMakeFiles/STM32_Drivers.dir/__/__/Drivers/STM32F4xx_HAL_Driver/Src/stm32f4xx_hal_i2s_ex.c.obj:(.text.HAL_I2SEx_FullDuplex_IRQHandler)
 8002f30  8002f30        0     1                 $t
 8002f31  8002f31      268     1                 HAL_I2SEx_FullDuplex_IRQHandler
 8003198  8003198        2     4         cmake/stm32cubemx/CMakeFiles/STM32_Drivers.dir/__/__/Drivers/STM32F4xx_HAL_Driver/Src/stm32f4xx_hal_i2s_ex.c.obj:(.text.HAL_I2SEx_TxRxCpltCallback)
 8003198  8003198        0     1                 $t
 8003199  8003199        2     1                 HAL_I2SEx_TxRxCpltCallback
 800319c  800319c       b2     4         cmake/stm32cubemx/CMakeFiles/STM32_Drivers.dir/__/__/Drivers/STM32F4xx_HAL_Driver/Src/stm32f4xx_hal_spi.c.obj:(.text.HAL_SPI_Init)
 800319c  800319c        0     1                 $t
 800319d  800319d       b2     1                 HAL_SPI_Init
 8003250  8003250       86     4         cmake/stm32cubemx/CMakeFiles/USB_Host_Library.dir/__/__/Middlewares/ST/STM32_USB_Host_Library/Core/Src/usbh_core.c.obj:(.text.USBH_Init)
 8003250  8003250        0     1                 $t
 8003251  8003251       86     1                 USBH_Init
 80032d8  80032d8       1e     4         cmake/stm32cubemx/CMakeFiles/USB_Host_Library.dir/__/__/Middlewares/ST/STM32_USB_Host_Library/Core/Src/usbh_core.c.obj:(.text.USBH_RegisterClass)
 80032d8  80032d8        0     1                 $t
 80032d9  80032d9       1e     1                 USBH_RegisterClass
 80032f8  80032f8       14     4         cmake/stm32cubemx/CMakeFiles/USB_Host_Library.dir/__/__/Middlewares/ST/STM32_USB_Host_Library/Core/Src/usbh_core.c.obj:(.text.USBH_SelectInterface)
 80032f8  80032f8        0     1                 $t
 80032f9  80032f9       14     1                 USBH_SelectInterface
 800330c  800330c       56     4         cmake/stm32cubemx/CMakeFiles/USB_Host_Library.dir/__/__/Middlewares/ST/STM32_USB_Host_Library/Core/Src/usbh_core.c.obj:(.text.USBH_FindInterface)
 800330c  800330c        0     1                 $t
 800330d  800330d       56     1                 USBH_FindInterface
 8003364  8003364       14     4         cmake/stm32cubemx/CMakeFiles/USB_Host_Library.dir/__/__/Middlewares/ST/STM32_USB_Host_Library/Core/Src/usbh_core.c.obj:(.text.USBH_Start)
 8003364  8003364        0     1                 $t
 8003365  8003365       14     1                 USBH_Start
 8003378  8003378      472     4         cmake/stm32cubemx/CMakeFiles/USB_Host_Library.dir/__/__/Middlewares/ST/STM32_USB_Host_Library/Core/Src/usbh_core.c.obj:(.text.USBH_Process)
 8003378  8003378        0     1                 $t
 8003379  8003379      472     1                 USBH_Process
 800339e  800339e        0     1                 $d
 80033b6  80033b6        0     1                 $t
 80033f8  80033f8        0     1                 $d
 8003408  8003408        0     1                 $t
 80037ec  80037ec        6     4         cmake/stm32cubemx/CMakeFiles/USB_Host_Library.dir/__/__/Middlewares/ST/STM32_USB_Host_Library/Core/Src/usbh_core.c.obj:(.text.USBH_LL_SetTimer)
 80037ec  80037ec        0     1                 $t
 80037ed  80037ed        6     1                 USBH_LL_SetTimer
 80037f4  80037f4       1c     4         cmake/stm32cubemx/CMakeFiles/USB_Host_Library.dir/__/__/Middlewares/ST/STM32_USB_Host_Library/Core/Src/usbh_core.c.obj:(.text.USBH_LL_IncTimer)
 80037f4  80037f4        0     1                 $t
 80037f5  80037f5       1c     1                 USBH_LL_IncTimer
 8003810  8003810        8     4         cmake/stm32cubemx/CMakeFiles/USB_Host_Library.dir/__/__/Middlewares/ST/STM32_USB_Host_Library/Core/Src/usbh_core.c.obj:(.text.USBH_LL_PortEnabled)
 8003810  8003810        0     1                 $t
 8003811  8003811        8     1                 USBH_LL_PortEnabled
 8003818  8003818        e     4         cmake/stm32cubemx/CMakeFiles/USB_Host_Library.dir/__/__/Middlewares/ST/STM32_USB_Host_Library/Core/Src/usbh_core.c.obj:(.text.USBH_LL_PortDisabled)
 8003818  8003818        0     1                 $t
 8003819  8003819        e     1                 USBH_LL_PortDisabled
 8003828  8003828       14     4         cmake/stm32cubemx/CMakeFiles/USB_Host_Library.dir/__/__/Middlewares/ST/STM32_USB_Host_Library/Core/Src/usbh_core.c.obj:(.text.USBH_LL_Connect)
 8003828  8003828        0     1                 $t
 8003829  8003829       14     1                 USBH_LL_Connect
 800383c  800383c       2e     4         cmake/stm32cubemx/CMakeFiles/USB_Host_Library.dir/__/__/Middlewares/ST/STM32_USB_Host_Library/Core/Src/usbh_core.c.obj:(.text.USBH_LL_Disconnect)
 800383c  800383c        0     1                 $t
 800383d  800383d       2e     1                 USBH_LL_Disconnect
 800386c  800386c       ba     4         cmake/stm32cubemx/CMakeFiles/USB_Host_Library.dir/__/__/Middlewares/ST/STM32_USB_Host_Library/Core/Src/usbh_ctlreq.c.obj:(.text.USBH_Get_DevDesc)
 800386c  800386c        0     1                 $t
 800386d  800386d       ba     1                 USBH_Get_DevDesc
 8003928  8003928      256     4         cmake/stm32cubemx/CMakeFiles/USB_Host_Library.dir/__/__/Middlewares/ST/STM32_USB_Host_Library/Core/Src/usbh_ctlreq.c.obj:(.text.USBH_Get_CfgDesc)
 8003928  8003928        0     1                 $t
 8003929  8003929      256     1                 USBH_Get_CfgDesc
 8003abe  8003abe        0     1                 $d
 8003ac2  8003ac2        0     1                 $t
 8003ad0  8003ad0        0     1                 $d
 8003ad4  8003ad4        0     1                 $t
 8003b80  8003b80       86     4         cmake/stm32cubemx/CMakeFiles/USB_Host_Library.dir/__/__/Middlewares/ST/STM32_USB_Host_Library/Core/Src/usbh_ctlreq.c.obj:(.text.USBH_Get_StringDesc)
 8003b80  8003b80        0     1                 $t
 8003b81  8003b81       86     1                 USBH_Get_StringDesc
 8003c08  8003c08      26e     4         cmake/stm32cubemx/CMakeFiles/USB_Host_Library.dir/__/__/Middlewares/ST/STM32_USB_Host_Library/Core/Src/usbh_ctlreq.c.obj:(.text.USBH_CtlReq)
 8003c08  8003c08        0     1                 $t
 8003c09  8003c09      26e     1                 USBH_CtlReq
 8003c34  8003c34        0     1                 $d
 8003c40  8003c40        0     1                 $t
 8003d5a  8003d5a        0     1                 $d
 8003d60  8003d60        0     1                 $t
 8003e42  8003e42        0     1                 $d
 8003e46  8003e46        0     1                 $t
 8003e78  8003e78       1a     4         cmake/stm32cubemx/CMakeFiles/USB_Host_Library.dir/__/__/Middlewares/ST/STM32_USB_Host_Library/Core/Src/usbh_ctlreq.c.obj:(.text.USBH_SetAddress)
 8003e78  8003e78        0     1                 $t
 8003e79  8003e79       1a     1                 USBH_SetAddress
 8003e94  8003e94       1a     4         cmake/stm32cubemx/CMakeFiles/USB_Host_Library.dir/__/__/Middlewares/ST/STM32_USB_Host_Library/Core/Src/usbh_ctlreq.c.obj:(.text.USBH_SetCfg)
 8003e94  8003e94        0     1                 $t
 8003e95  8003e95       1a     1                 USBH_SetCfg
 8003eb0  8003eb0       1a     4         cmake/stm32cubemx/CMakeFiles/USB_Host_Library.dir/__/__/Middlewares/ST/STM32_USB_Host_Library/Core/Src/usbh_ctlreq.c.obj:(.text.USBH_SetFeature)
 8003eb0  8003eb0        0     1                 $t
 8003eb1  8003eb1       1a     1                 USBH_SetFeature
 8003ecc  8003ecc       1a     4         cmake/stm32cubemx/CMakeFiles/USB_Host_Library.dir/__/__/Middlewares/ST/STM32_USB_Host_Library/Core/Src/usbh_ctlreq.c.obj:(.text.USBH_ClrFeature)
 8003ecc  8003ecc        0     1                 $t
 8003ecd  8003ecd       1a     1                 USBH_ClrFeature
 8003ee8  8003ee8       24     4         cmake/stm32cubemx/CMakeFiles/USB_Host_Library.dir/__/__/Middlewares/ST/STM32_USB_Host_Library/Core/Src/usbh_ioreq.c.obj:(.text.USBH_CtlSendSetup)
 8003ee8  8003ee8        0     1                 $t
 8003ee9  8003ee9       24     1                 USBH_CtlSendSetup
 8003f0c  8003f0c       34     4         cmake/stm32cubemx/CMakeFiles/USB_Host_Library.dir/__/__/Middlewares/ST/STM32_USB_Host_Library/Core/Src/usbh_ioreq.c.obj:(.text.USBH_CtlSendData)
 8003f0c  8003f0c        0     1                 $t
 8003f0d  8003f0d       34     1                 USBH_CtlSendData
 8003f40  8003f40       26     4         cmake/stm32cubemx/CMakeFiles/USB_Host_Library.dir/__/__/Middlewares/ST/STM32_USB_Host_Library/Core/Src/usbh_ioreq.c.obj:(.text.USBH_CtlReceiveData)
 8003f40  8003f40        0     1                 $t
 8003f41  8003f41       26     1                 USBH_CtlReceiveData
 8003f68  8003f68       34     4         cmake/stm32cubemx/CMakeFiles/USB_Host_Library.dir/__/__/Middlewares/ST/STM32_USB_Host_Library/Core/Src/usbh_ioreq.c.obj:(.text.USBH_BulkSendData)
 8003f68  8003f68        0     1                 $t
 8003f69  8003f69       34     1                 USBH_BulkSendData
 8003f9c  8003f9c       26     4         cmake/stm32cubemx/CMakeFiles/USB_Host_Library.dir/__/__/Middlewares/ST/STM32_USB_Host_Library/Core/Src/usbh_ioreq.c.obj:(.text.USBH_BulkReceiveData)
 8003f9c  8003f9c        0     1                 $t
 8003f9d  8003f9d       26     1                 USBH_BulkReceiveData
 8003fc4  8003fc4       1e     4         cmake/stm32cubemx/CMakeFiles/USB_Host_Library.dir/__/__/Middlewares/ST/STM32_USB_Host_Library/Core/Src/usbh_pipes.c.obj:(.text.USBH_OpenPipe)
 8003fc4  8003fc4        0     1                 $t
 8003fc5  8003fc5       1e     1                 USBH_OpenPipe
 8003fe4  8003fe4        a     4         cmake/stm32cubemx/CMakeFiles/USB_Host_Library.dir/__/__/Middlewares/ST/STM32_USB_Host_Library/Core/Src/usbh_pipes.c.obj:(.text.USBH_ClosePipe)
 8003fe4  8003fe4        0     1                 $t
 8003fe5  8003fe5        a     1                 USBH_ClosePipe
 8003ff0  8003ff0       3a     4         cmake/stm32cubemx/CMakeFiles/USB_Host_Library.dir/__/__/Middlewares/ST/STM32_USB_Host_Library/Core/Src/usbh_pipes.c.obj:(.text.USBH_AllocPipe)
 8003ff0  8003ff0        0     1                 $t
 8003ff1  8003ff1       3a     1                 USBH_AllocPipe
 800402c  800402c       18     4         cmake/stm32cubemx/CMakeFiles/USB_Host_Library.dir/__/__/Middlewares/ST/STM32_USB_Host_Library/Core/Src/usbh_pipes.c.obj:(.text.USBH_FreePipe)
 800402c  800402c        0     1                 $t
 800402d  800402d       18     1                 USBH_FreePipe
 8004044  8004044      14e     4         cmake/stm32cubemx/CMakeFiles/USB_Host_Library.dir/__/__/Middlewares/ST/STM32_USB_Host_Library/Class/CDC/Src/usbh_cdc.c.obj:(.text.USBH_CDC_InterfaceInit)
 8004044  8004044        0     1                 $t
 8004045  8004045      14e     1                 USBH_CDC_InterfaceInit
 8004194  8004194       64     4         cmake/stm32cubemx/CMakeFiles/USB_Host_Library.dir/__/__/Middlewares/ST/STM32_USB_Host_Library/Class/CDC/Src/usbh_cdc.c.obj:(.text.USBH_CDC_InterfaceDeInit)
 8004194  8004194        0     1                 $t
 8004195  8004195       64     1                 USBH_CDC_InterfaceDeInit
 80041f8  80041f8       3a     4         cmake/stm32cubemx/CMakeFiles/USB_Host_Library.dir/__/__/Middlewares/ST/STM32_USB_Host_Library/Class/CDC/Src/usbh_cdc.c.obj:(.text.USBH_CDC_ClassRequest)
 80041f8  80041f8        0     1                 $t
 80041f9  80041f9       3a     1                 USBH_CDC_ClassRequest
 8004234  8004234      1a0     4         cmake/stm32cubemx/CMakeFiles/USB_Host_Library.dir/__/__/Middlewares/ST/STM32_USB_Host_Library/Class/CDC/Src/usbh_cdc.c.obj:(.text.USBH_CDC_Process)
 8004234  8004234        0     1                 $t
 8004235  8004235      1a0     1                 USBH_CDC_Process
 800424e  800424e        0     1                 $d
 8004254  8004254        0     1                 $t
 80043d4  80043d4        4     4         cmake/stm32cubemx/CMakeFiles/USB_Host_Library.dir/__/__/Middlewares/ST/STM32_USB_Host_Library/Class/CDC/Src/usbh_cdc.c.obj:(.text.USBH_CDC_SOFProcess)
 80043d4  80043d4        0     1                 $t
 80043d5  80043d5        4     1                 USBH_CDC_SOFProcess
 80043d8  80043d8        2     4         cmake/stm32cubemx/CMakeFiles/USB_Host_Library.dir/__/__/Middlewares/ST/STM32_USB_Host_Library/Class/CDC/Src/usbh_cdc.c.obj:(.text.USBH_CDC_TransmitCallback)
 80043d8  80043d8        0     1                 $t
 80043d9  80043d9        2     1                 USBH_CDC_TransmitCallback
 80043dc  80043dc        2     4         cmake/stm32cubemx/CMakeFiles/USB_Host_Library.dir/__/__/Middlewares/ST/STM32_USB_Host_Library/Class/CDC/Src/usbh_cdc.c.obj:(.text.USBH_CDC_ReceiveCallback)
 80043dc  80043dc        0     1                 $t
 80043dd  80043dd        2     1                 USBH_CDC_ReceiveCallback
 80043e0  80043e0        2     4         cmake/stm32cubemx/CMakeFiles/USB_Host_Library.dir/__/__/Middlewares/ST/STM32_USB_Host_Library/Class/CDC/Src/usbh_cdc.c.obj:(.text.USBH_CDC_LineCodingChanged)
 80043e0  80043e0        0     1                 $t
 80043e1  80043e1        2     1                 USBH_CDC_LineCodingChanged
 80043e4  80043e4       a6     4         CMakeFiles/work.dir/USB_HOST/Target/usbh_conf.c.obj:(.text.HAL_HCD_MspInit)
 80043e4  80043e4        0     1                 $t
 80043e5  80043e5       a6     1                 HAL_HCD_MspInit
 800448c  800448c        a     4         CMakeFiles/work.dir/USB_HOST/Target/usbh_conf.c.obj:(.text.HAL_HCD_SOF_Callback)
 800448c  800448c        0     1                 $t
 800448d  800448d        a     1                 HAL_HCD_SOF_Callback
 8004498  8004498        a     4         CMakeFiles/work.dir/USB_HOST/Target/usbh_conf.c.obj:(.text.HAL_HCD_Connect_Callback)
 8004498  8004498        0     1                 $t
 8004499  8004499        a     1                 HAL_HCD_Connect_Callback
 80044a4  80044a4        a     4         CMakeFiles/work.dir/USB_HOST/Target/usbh_conf.c.obj:(.text.HAL_HCD_Disconnect_Callback)
 80044a4  80044a4        0     1                 $t
 80044a5  80044a5        a     1                 HAL_HCD_Disconnect_Callback
 80044b0  80044b0        2     4         CMakeFiles/work.dir/USB_HOST/Target/usbh_conf.c.obj:(.text.HAL_HCD_HC_NotifyURBChange_Callback)
 80044b0  80044b0        0     1                 $t
 80044b1  80044b1        2     1                 HAL_HCD_HC_NotifyURBChange_Callback
 80044b4  80044b4        a     4         CMakeFiles/work.dir/USB_HOST/Target/usbh_conf.c.obj:(.text.HAL_HCD_PortEnabled_Callback)
 80044b4  80044b4        0     1                 $t
 80044b5  80044b5        a     1                 HAL_HCD_PortEnabled_Callback
 80044c0  80044c0        a     4         CMakeFiles/work.dir/USB_HOST/Target/usbh_conf.c.obj:(.text.HAL_HCD_PortDisabled_Callback)
 80044c0  80044c0        0     1                 $t
 80044c1  80044c1        a     1                 HAL_HCD_PortDisabled_Callback
 80044cc  80044cc       56     4         CMakeFiles/work.dir/USB_HOST/Target/usbh_conf.c.obj:(.text.USBH_LL_Init)
 80044cc  80044cc        0     1                 $t
 80044cd  80044cd       56     1                 USBH_LL_Init
 8004524  8004524       1e     4         CMakeFiles/work.dir/USB_HOST/Target/usbh_conf.c.obj:(.text.USBH_LL_Start)
 8004524  8004524        0     1                 $t
 8004525  8004525       1e     1                 USBH_LL_Start
 8004544  8004544       1e     4         CMakeFiles/work.dir/USB_HOST/Target/usbh_conf.c.obj:(.text.USBH_LL_Stop)
 8004544  8004544        0     1                 $t
 8004545  8004545       1e     1                 USBH_LL_Stop
 8004564  8004564       1c     4         CMakeFiles/work.dir/USB_HOST/Target/usbh_conf.c.obj:(.text.USBH_LL_GetSpeed)
 8004564  8004564        0     1                 $t
 8004565  8004565       1c     1                 USBH_LL_GetSpeed
 8004580  8004580       1e     4         CMakeFiles/work.dir/USB_HOST/Target/usbh_conf.c.obj:(.text.USBH_LL_ResetPort)
 8004580  8004580        0     1                 $t
 8004581  8004581       1e     1                 USBH_LL_ResetPort
 80045a0  80045a0        a     4         CMakeFiles/work.dir/USB_HOST/Target/usbh_conf.c.obj:(.text.USBH_LL_GetLastXferSize)
 80045a0  80045a0        0     1                 $t
 80045a1  80045a1        a     1                 USBH_LL_GetLastXferSize
 80045ac  80045ac       2e     4         CMakeFiles/work.dir/USB_HOST/Target/usbh_conf.c.obj:(.text.USBH_LL_OpenPipe)
 80045ac  80045ac        0     1                 $t
 80045ad  80045ad       2e     1                 USBH_LL_OpenPipe
 80045dc  80045dc        4     4         CMakeFiles/work.dir/USB_HOST/Target/usbh_conf.c.obj:(.text.USBH_LL_ClosePipe)
 80045dc  80045dc        0     1                 $t
 80045dd  80045dd        4     1                 USBH_LL_ClosePipe
 80045e0  80045e0       32     4         CMakeFiles/work.dir/USB_HOST/Target/usbh_conf.c.obj:(.text.USBH_LL_SubmitURB)
 80045e0  80045e0        0     1                 $t
 80045e1  80045e1       32     1                 USBH_LL_SubmitURB
 8004614  8004614        a     4         CMakeFiles/work.dir/USB_HOST/Target/usbh_conf.c.obj:(.text.USBH_LL_GetURBState)
 8004614  8004614        0     1                 $t
 8004615  8004615        a     1                 USBH_LL_GetURBState
 8004620  8004620       1e     4         CMakeFiles/work.dir/USB_HOST/Target/usbh_conf.c.obj:(.text.USBH_LL_DriverVBUS)
 8004620  8004620        0     1                 $t
 8004621  8004621       1e     1                 USBH_LL_DriverVBUS
 8004640  8004640       28     4         CMakeFiles/work.dir/USB_HOST/Target/usbh_conf.c.obj:(.text.USBH_LL_SetToggle)
 8004640  8004640        0     1                 $t
 8004641  8004641       28     1                 USBH_LL_SetToggle
 8004668  8004668        4     4         CMakeFiles/work.dir/USB_HOST/Target/usbh_conf.c.obj:(.text.USBH_Delay)
 8004668  8004668        0     1                 $t
 8004669  8004669        4     1                 USBH_Delay
 800466c  800466c       16     4         CMakeFiles/work.dir/USB_HOST/Target/usbh_platform.c.obj:(.text.MX_DriverVbusFS)
 800466c  800466c        0     1                 $t
 800466d  800466d       16     1                 MX_DriverVbusFS
 8004684  8004684       56     4         CMakeFiles/work.dir/USB_HOST/App/usb_host.c.obj:(.text.MX_USB_HOST_Init)
 8004684  8004684        0     1                 $t
 8004685  8004685       56     1                 MX_USB_HOST_Init
 80046dc  80046dc       22     4         CMakeFiles/work.dir/USB_HOST/App/usb_host.c.obj:(.text.USBH_UserProcess)
 80046dc  80046dc        0     1                 $t
 80046dd  80046dd       22     1                 USBH_UserProcess
 8004700  8004700        c     4         CMakeFiles/work.dir/USB_HOST/App/usb_host.c.obj:(.text.MX_USB_HOST_Process)
 8004700  8004700        0     1                 $t
 8004701  8004701        c     1                 MX_USB_HOST_Process
 800470c  800470c      2ca     4         CMakeFiles/work.dir/Core/Src/main.c.obj:(.text.main)
 800470c  800470c        0     1                 $t
 800470d  800470d      2ca     1                 main
 80049d8  80049d8       aa     4         CMakeFiles/work.dir/Core/Src/main.c.obj:(.text.SystemClock_Config)
 80049d8  80049d8        0     1                 $t
 80049d9  80049d9       aa     1                 SystemClock_Config
 8004a84  8004a84       c2     4         CMakeFiles/work.dir/Core/Src/main.c.obj:(.text.CS43L22_Init)
 8004a84  8004a84        0     1                 $t
 8004a85  8004a85       c2     1                 CS43L22_Init
 8004b48  8004b48        6     4         CMakeFiles/work.dir/Core/Src/main.c.obj:(.text.Error_Handler)
 8004b48  8004b48        0     1                 $t
 8004b49  8004b49        6     1                 Error_Handler
 8004b50  8004b50        2     4         CMakeFiles/work.dir/Core/Src/stm32f4xx_it.c.obj:(.text.NMI_Handler)
 8004b50  8004b50        0     1                 $t
 8004b51  8004b51        2     1                 NMI_Handler
 8004b54  8004b54        2     4         CMakeFiles/work.dir/Core/Src/stm32f4xx_it.c.obj:(.text.HardFault_Handler)
 8004b54  8004b54        0     1                 $t
 8004b55  8004b55        2     1                 HardFault_Handler
 8004b58  8004b58        2     4         CMakeFiles/work.dir/Core/Src/stm32f4xx_it.c.obj:(.text.MemManage_Handler)
 8004b58  8004b58        0     1                 $t
 8004b59  8004b59        2     1                 MemManage_Handler
 8004b5c  8004b5c        2     4         CMakeFiles/work.dir/Core/Src/stm32f4xx_it.c.obj:(.text.BusFault_Handler)
 8004b5c  8004b5c        0     1                 $t
 8004b5d  8004b5d        2     1                 BusFault_Handler
 8004b60  8004b60        2     4         CMakeFiles/work.dir/Core/Src/stm32f4xx_it.c.obj:(.text.UsageFault_Handler)
 8004b60  8004b60        0     1                 $t
 8004b61  8004b61        2     1                 UsageFault_Handler
 8004b64  8004b64        2     4         CMakeFiles/work.dir/Core/Src/stm32f4xx_it.c.obj:(.text.SVC_Handler)
 8004b64  8004b64        0     1                 $t
 8004b65  8004b65        2     1                 SVC_Handler
 8004b68  8004b68        2     4         CMakeFiles/work.dir/Core/Src/stm32f4xx_it.c.obj:(.text.DebugMon_Handler)
 8004b68  8004b68        0     1                 $t
 8004b69  8004b69        2     1                 DebugMon_Handler
 8004b6c  8004b6c        2     4         CMakeFiles/work.dir/Core/Src/stm32f4xx_it.c.obj:(.text.PendSV_Handler)
 8004b6c  8004b6c        0     1                 $t
 8004b6d  8004b6d        2     1                 PendSV_Handler
 8004b70  8004b70        4     4         CMakeFiles/work.dir/Core/Src/stm32f4xx_it.c.obj:(.text.SysTick_Handler)
 8004b70  8004b70        0     1                 $t
 8004b71  8004b71        4     1                 SysTick_Handler
 8004b74  8004b74        c     4         CMakeFiles/work.dir/Core/Src/stm32f4xx_it.c.obj:(.text.DMA1_Stream5_IRQHandler)
 8004b74  8004b74        0     1                 $t
 8004b75  8004b75        c     1                 DMA1_Stream5_IRQHandler
 8004b80  8004b80        c     4         CMakeFiles/work.dir/Core/Src/stm32f4xx_it.c.obj:(.text.SPI3_IRQHandler)
 8004b80  8004b80        0     1                 $t
 8004b81  8004b81        c     1                 SPI3_IRQHandler
 8004b8c  8004b8c        c     4         CMakeFiles/work.dir/Core/Src/stm32f4xx_it.c.obj:(.text.OTG_FS_IRQHandler)
 8004b8c  8004b8c        0     1                 $t
 8004b8d  8004b8d        c     1                 OTG_FS_IRQHandler
 8004b98  8004b98       3c     4         CMakeFiles/work.dir/Core/Src/stm32f4xx_hal_msp.c.obj:(.text.HAL_MspInit)
 8004b98  8004b98        0     1                 $t
 8004b99  8004b99       3c     1                 HAL_MspInit
 8004bd4  8004bd4       76     4         CMakeFiles/work.dir/Core/Src/stm32f4xx_hal_msp.c.obj:(.text.HAL_I2C_MspInit)
 8004bd4  8004bd4        0     1                 $t
 8004bd5  8004bd5       76     1                 HAL_I2C_MspInit
 8004c4c  8004c4c      124     4         CMakeFiles/work.dir/Core/Src/stm32f4xx_hal_msp.c.obj:(.text.HAL_I2S_MspInit)
 8004c4c  8004c4c        0     1                 $t
 8004c4d  8004c4d      124     1                 HAL_I2S_MspInit
 8004d70  8004d70       72     4         CMakeFiles/work.dir/Core/Src/stm32f4xx_hal_msp.c.obj:(.text.HAL_SPI_MspInit)
 8004d70  8004d70        0     1                 $t
 8004d71  8004d71       72     1                 HAL_SPI_MspInit
 8004de4  8004de4       5c     4         CMakeFiles/work.dir/Core/Src/sysmem.c.obj:(.text._sbrk)
 8004de4  8004de4        0     1                 $t
 8004de5  8004de5       5c     1                 _sbrk
 8004de5  8004de5       5c     1                 sbrk
 8004e3c  8004e3c        0     1                 $d
 8004e40  8004e40       50     4         CMakeFiles/work.dir/startup_stm32f407xx.s.obj:(.text.Reset_Handler)
 8004e40  8004e40        0     1                 $t
 8004e41  8004e41       38     1                 Reset_Handler
 8004e52  8004e52        0     1                 CopyDataInit
 8004e58  8004e58        0     1                 LoopCopyDataInit
 8004e66  8004e66        0     1                 FillZerobss
 8004e6a  8004e6a        0     1                 LoopFillZerobss
 8004e78  8004e78        0     1                 $d
 8004e90  8004e90        2     1         CMakeFiles/work.dir/startup_stm32f407xx.s.obj:(.text.Default_Handler)
 8004e90  8004e90        0     1                 Infinite_Loop
 8004e90  8004e90        0     1                 $t
 8004e90  8004e90        2     1                 Default_Handler
 8004e91  8004e91        2     1                 WWDG_IRQHandler
 8004e91  8004e91        2     1                 PVD_IRQHandler
 8004e91  8004e91        2     1                 TAMP_STAMP_IRQHandler
 8004e91  8004e91        2     1                 RTC_WKUP_IRQHandler
 8004e91  8004e91        2     1                 FLASH_IRQHandler
 8004e91  8004e91        2     1                 RCC_IRQHandler
 8004e91  8004e91        2     1                 EXTI0_IRQHandler
 8004e91  8004e91        2     1                 EXTI1_IRQHandler
 8004e91  8004e91        2     1                 EXTI2_IRQHandler
 8004e91  8004e91        2     1                 EXTI3_IRQHandler
 8004e91  8004e91        2     1                 EXTI4_IRQHandler
 8004e91  8004e91        2     1                 DMA1_Stream0_IRQHandler
 8004e91  8004e91        2     1                 DMA1_Stream1_IRQHandler
 8004e91  8004e91        2     1                 DMA1_Stream2_IRQHandler
 8004e91  8004e91        2     1                 DMA1_Stream3_IRQHandler
 8004e91  8004e91        2     1                 DMA1_Stream4_IRQHandler
 8004e91  8004e91        2     1                 DMA1_Stream6_IRQHandler
 8004e91  8004e91        2     1                 ADC_IRQHandler
 8004e91  8004e91        2     1                 CAN1_TX_IRQHandler
 8004e91  8004e91        2     1                 CAN1_RX0_IRQHandler
 8004e91  8004e91        2     1                 CAN1_RX1_IRQHandler
 8004e91  8004e91        2     1                 CAN1_SCE_IRQHandler
 8004e91  8004e91        2     1                 EXTI9_5_IRQHandler
 8004e91  8004e91        2     1                 TIM1_BRK_TIM9_IRQHandler
 8004e91  8004e91        2     1                 TIM1_UP_TIM10_IRQHandler
 8004e91  8004e91        2     1                 TIM1_TRG_COM_TIM11_IRQHandler
 8004e91  8004e91        2     1                 TIM1_CC_IRQHandler
 8004e91  8004e91        2     1                 TIM2_IRQHandler
 8004e91  8004e91        2     1                 TIM3_IRQHandler
 8004e91  8004e91        2     1                 TIM4_IRQHandler
 8004e91  8004e91        2     1                 I2C1_EV_IRQHandler
 8004e91  8004e91        2     1                 I2C1_ER_IRQHandler
 8004e91  8004e91        2     1                 I2C2_EV_IRQHandler
 8004e91  8004e91        2     1                 I2C2_ER_IRQHandler
 8004e91  8004e91        2     1                 SPI1_IRQHandler
 8004e91  8004e91        2     1                 SPI2_IRQHandler
 8004e91  8004e91        2     1                 USART1_IRQHandler
 8004e91  8004e91        2     1                 USART2_IRQHandler
 8004e91  8004e91        2     1                 USART3_IRQHandler
 8004e91  8004e91        2     1                 EXTI15_10_IRQHandler
 8004e91  8004e91        2     1                 RTC_Alarm_IRQHandler
 8004e91  8004e91        2     1                 OTG_FS_WKUP_IRQHandler
 8004e91  8004e91        2     1                 TIM8_BRK_TIM12_IRQHandler
 8004e91  8004e91        2     1                 TIM8_UP_TIM13_IRQHandler
 8004e91  8004e91        2     1                 TIM8_TRG_COM_TIM14_IRQHandler
 8004e91  8004e91        2     1                 TIM8_CC_IRQHandler
 8004e91  8004e91        2     1                 DMA1_Stream7_IRQHandler
 8004e91  8004e91        2     1                 FSMC_IRQHandler
 8004e91  8004e91        2     1                 SDIO_IRQHandler
 8004e91  8004e91        2     1                 TIM5_IRQHandler
 8004e91  8004e91        2     1                 UART4_IRQHandler
 8004e91  8004e91        2     1                 UART5_IRQHandler
 8004e91  8004e91        2     1                 TIM6_DAC_IRQHandler
 8004e91  8004e91        2     1                 TIM7_IRQHandler
 8004e91  8004e91        2     1                 DMA2_Stream0_IRQHandler
 8004e91  8004e91        2     1                 DMA2_Stream1_IRQHandler
 8004e91  8004e91        2     1                 DMA2_Stream2_IRQHandler
 8004e91  8004e91        2     1                 DMA2_Stream3_IRQHandler
 8004e91  8004e91        2     1                 DMA2_Stream4_IRQHandler
 8004e91  8004e91        2     1                 ETH_IRQHandler
 8004e91  8004e91        2     1                 ETH_WKUP_IRQHandler
 8004e91  8004e91        2     1                 CAN2_TX_IRQHandler
 8004e91  8004e91        2     1                 CAN2_RX0_IRQHandler
 8004e91  8004e91        2     1                 CAN2_RX1_IRQHandler
 8004e91  8004e91        2     1                 CAN2_SCE_IRQHandler
 8004e91  8004e91        2     1                 DMA2_Stream5_IRQHandler
 8004e91  8004e91        2     1                 DMA2_Stream6_IRQHandler
 8004e91  8004e91        2     1                 DMA2_Stream7_IRQHandler
 8004e91  8004e91        2     1                 USART6_IRQHandler
 8004e91  8004e91        2     1                 I2C3_EV_IRQHandler
 8004e91  8004e91        2     1                 I2C3_ER_IRQHandler
 8004e91  8004e91        2     1                 OTG_HS_EP1_OUT_IRQHandler
 8004e91  8004e91        2     1                 OTG_HS_EP1_IN_IRQHandler
 8004e91  8004e91        2     1                 OTG_HS_WKUP_IRQHandler
 8004e91  8004e91        2     1                 OTG_HS_IRQHandler
 8004e91  8004e91        2     1                 DCMI_IRQHandler
 8004e91  8004e91        2     1                 HASH_RNG_IRQHandler
 8004e91  8004e91        2     1                 FPU_IRQHandler
 8004e94  8004e94      1be     4         C:/Users/Jesus/AppData/Local/stm32cube/bundles/st-arm-clang/21.1.1+st.6/bin/../lib/clang-runtimes/arm-none-eabi/armv7m_hard_fpv4_sp_d16_exn_rtti_unaligned_size/lib/libclang_rt.builtins.a(udivmoddi4.c.obj):(.text.__udivmoddi4)
 8004e94  8004e94        0     1                 $t
 8004e95  8004e95      1be     1                 __udivmoddi4
 8005052  8005052        8     2         C:/Users/Jesus/AppData/Local/stm32cube/bundles/st-arm-clang/21.1.1+st.6/bin/../lib/clang-runtimes/arm-none-eabi/armv7m_hard_fpv4_sp_d16_exn_rtti_unaligned_size/lib/libc.a(bzero.c.o):(.text.bzero)
 8005052  8005052        0     1                 $t
 8005053  8005053        8     1                 bzero
 8005053  8005053        8     1                 __aeabi_memclr4
 8005053  8005053        8     1                 __aeabi_memclr8
 8005053  8005053        8     1                 __aeabi_memclr
 800505a  800505a        e     2         C:/Users/Jesus/AppData/Local/stm32cube/bundles/st-arm-clang/21.1.1+st.6/bin/../lib/clang-runtimes/arm-none-eabi/armv7m_hard_fpv4_sp_d16_exn_rtti_unaligned_size/lib/libc.a(memset.c.o):(.text.memset)
 800505a  800505a        0     1                 $t
 800505b  800505b        e     1                 memset
 8005068  8005068       7c     4         C:/Users/Jesus/AppData/Local/stm32cube/bundles/st-arm-clang/21.1.1+st.6/bin/../lib/clang-runtimes/arm-none-eabi/armv7m_hard_fpv4_sp_d16_exn_rtti_unaligned_size/lib/libc.a(nano-free.c.o):(.text.free)
 8005068  8005068        0     1                 $t
 8005069  8005069       7c     1                 free
 8005069  8005069       7c     1                 __malloc_free
 8005069  8005069       7c     1                 cfree
 80050d8  80050d8        0     1                 $d
 80050e4  80050e4       44     4         C:/Users/Jesus/AppData/Local/stm32cube/bundles/st-arm-clang/21.1.1+st.6/bin/../lib/clang-runtimes/arm-none-eabi/armv7m_hard_fpv4_sp_d16_exn_rtti_unaligned_size/lib/libc.a(nano-malloc.c.o):(.text.__malloc_grow_chunk)
 80050e4  80050e4        0     1                 $t
 80050e5  80050e5       44     1                 __malloc_grow_chunk
 8005124  8005124        0     1                 $d
 8005128  8005128       4c     4         C:/Users/Jesus/AppData/Local/stm32cube/bundles/st-arm-clang/21.1.1+st.6/bin/../lib/clang-runtimes/arm-none-eabi/armv7m_hard_fpv4_sp_d16_exn_rtti_unaligned_size/lib/libc.a(nano-malloc.c.o):(.text.__malloc_sbrk_aligned)
 8005128  8005128        0     1                 $t
 8005129  8005129       4c     1                 __malloc_sbrk_aligned
 8005170  8005170        0     1                 $d
 8005174  8005174       ac     4         C:/Users/Jesus/AppData/Local/stm32cube/bundles/st-arm-clang/21.1.1+st.6/bin/../lib/clang-runtimes/arm-none-eabi/armv7m_hard_fpv4_sp_d16_exn_rtti_unaligned_size/lib/libc.a(nano-malloc.c.o):(.text.malloc)
 8005174  8005174        0     1                 $t
 8005175  8005175       ac     1                 malloc
 8005175  8005175       ac     1                 __malloc_malloc
 8005214  8005214        0     1                 $d
 8005220  8005220       1c     4         C:/Users/Jesus/AppData/Local/stm32cube/bundles/st-arm-clang/21.1.1+st.6/bin/../lib/clang-runtimes/arm-none-eabi/armv7m_hard_fpv4_sp_d16_exn_rtti_unaligned_size/lib/libc.a(libc_misc_init.c.o):(.text.__libc_init_array)
 8005220  8005220        0     1                 $t
 8005221  8005221       1c     1                 __libc_init_array
 8005234  8005234        0     1                 $d
 800523c  800523c        2     2         C:/Users/Jesus/AppData/Local/stm32cube/bundles/st-arm-clang/21.1.1+st.6/bin/../lib/clang-runtimes/arm-none-eabi/armv7m_hard_fpv4_sp_d16_exn_rtti_unaligned_size/lib/libc.a(libc_misc_lock.c.o):(.text.__retarget_lock_acquire_recursive)
 800523c  800523c        0     1                 $t
 800523d  800523d        2     1                 __retarget_lock_acquire_recursive
 800523e  800523e        2     2         C:/Users/Jesus/AppData/Local/stm32cube/bundles/st-arm-clang/21.1.1+st.6/bin/../lib/clang-runtimes/arm-none-eabi/armv7m_hard_fpv4_sp_d16_exn_rtti_unaligned_size/lib/libc.a(libc_misc_lock.c.o):(.text.__retarget_lock_release_recursive)
 800523e  800523e        0     1                 $t
 800523f  800523f        2     1                 __retarget_lock_release_recursive
 8005240  8005240        c    16         C:/Users/Jesus/AppData/Local/stm32cube/bundles/st-arm-clang/21.1.1+st.6/bin/../lib/clang-runtimes/arm-none-eabi/armv7m_hard_fpv4_sp_d16_exn_rtti_unaligned_size/lib/libc.a(libc_picolib_machine_arm_read_tp.S.o):(.text.__aeabi_read_tp)
 8005240  8005240        0     1                 $t
 8005241  8005241        6     1                 __aeabi_read_tp
 8005248  8005248        0     1                 $d
 800524c  800524c       10     4         C:/Users/Jesus/AppData/Local/stm32cube/bundles/st-arm-clang/21.1.1+st.6/bin/../lib/clang-runtimes/arm-none-eabi/armv7m_hard_fpv4_sp_d16_exn_rtti_unaligned_size/lib/libc.a(libc_picolib_machine_arm_read_tp.S.o):(.text._initial_set_tls)
 800524c  800524c        0     1                 $t
 800524d  800524d        6     1                 _initial_set_tls
 8005254  8005254        0     1                 $d
 800525c  800525c       14     4         C:/Users/Jesus/AppData/Local/stm32cube/bundles/st-arm-clang/21.1.1+st.6/bin/../lib/clang-runtimes/arm-none-eabi/armv7m_hard_fpv4_sp_d16_exn_rtti_unaligned_size/lib/libc.a(libc_picolib_machine_arm_set_tls.c.o):(.text._set_tls)
 800525c  800525c        0     1                 $t
 800525d  800525d       14     1                 _set_tls
 8005268  8005268        0     1                 $d
 8005270  8005270        0     1         . = ALIGN(4)
 8005270  8005270        0     1         _etext = .
 8005270  8005270       24     1 .rodata
 8005270  8005270        0     1         . = ALIGN(4)
 8005270  8005270       10     1         cmake/stm32cubemx/CMakeFiles/STM32_Drivers.dir/__/__/Core/Src/system_stm32f4xx.c.obj:(.rodata.AHBPrescTable)
 8005270  8005270       10     1                 AHBPrescTable
 8005280  8005280        8     1         cmake/stm32cubemx/CMakeFiles/STM32_Drivers.dir/__/__/Core/Src/system_stm32f4xx.c.obj:(.rodata.APBPrescTable)
 8005280  8005280        8     1                 APBPrescTable
 8005288  8005288        8     1         <internal>:(.rodata.cst8)
 8005290  8005290        4     1         <internal>:(.rodata.str1.1)
 8005294  8005294        0     1         . = ALIGN(4)
 8005294  8005294        0     1 .ARM.extab
 8005294  8005294        0     1         . = ALIGN(4)
 8005294  8005294        0     1         . = ALIGN(4)
 8005294  8005294       10     4 .ARM
 8005294  8005294        0     1         . = ALIGN(4)
 8005294  8005294        0     1         __exidx_start = .
 8005294  8005294       10     4         <internal>:(.ARM.exidx)
 80052a4  80052a4        0     1         __exidx_end = .
 80052a4  80052a4        0     1         . = ALIGN(4)
 80052a4  80052a4        4     4 .preinit_array
 80052a4  80052a4        0     1         . = ALIGN(4)
 80052a4  80052a4        4     4         C:/Users/Jesus/AppData/Local/stm32cube/bundles/st-arm-clang/21.1.1+st.6/bin/../lib/clang-runtimes/arm-none-eabi/armv7m_hard_fpv4_sp_d16_exn_rtti_unaligned_size/lib/libc.a(libc_picolib_machine_arm_read_tp.S.o):(.preinit_array)
 80052a8  80052a8        0     1         . = ALIGN(4)
 80052a8  80052a8        0     1 .init_array
 80052a8  80052a8        0     1         . = ALIGN(4)
 80052a8  80052a8        0     1         . = ALIGN(4)
 80052a8  80052a8        0     1 .fini_array
 80052a8  80052a8        0     1         . = ALIGN(4)
 80052a8  80052a8        0     1         . = ALIGN(4)
 80052a8  80052a8        0     1 _siccmram = LOADADDR(.ccmram)
10000000 10000000        0     1 .ccmram
10000000 10000000        0     1         . = ALIGN(4)
10000000 10000000        0     1         _sccmram = .
10000000 10000000        0     1         . = ALIGN(4)
10000000 10000000        0     1         _eccmram = .
10000000 10000000        0     1 _sidata = LOADADDR(.data)
20000000  80052a8       2c     4 .data
20000000  80052a8        0     1         . = ALIGN(4)
20000000  80052a8        0     1         _sdata = .
20000000  80052a8        4     4         cmake/stm32cubemx/CMakeFiles/STM32_Drivers.dir/__/__/Core/Src/system_stm32f4xx.c.obj:(.data.SystemCoreClock)
20000000  80052a8        4     1                 SystemCoreClock
20000004  80052ac        4     4         cmake/stm32cubemx/CMakeFiles/STM32_Drivers.dir/__/__/Drivers/STM32F4xx_HAL_Driver/Src/stm32f4xx_hal.c.obj:(.data.uwTickPrio)
20000004  80052ac        4     1                 uwTickPrio
20000008  80052b0        1     1         cmake/stm32cubemx/CMakeFiles/STM32_Drivers.dir/__/__/Drivers/STM32F4xx_HAL_Driver/Src/stm32f4xx_hal.c.obj:(.data.uwTickFreq)
20000008  80052b0        1     1                 uwTickFreq
2000000c  80052b4       20     4         cmake/stm32cubemx/CMakeFiles/USB_Host_Library.dir/__/__/Middlewares/ST/STM32_USB_Host_Library/Class/CDC/Src/usbh_cdc.c.obj:(.data.CDC_Class)
2000000c  80052b4       20     1                 CDC_Class
2000002c  80052d4        0     1         . = ALIGN(4)
2000002c  80052d4        0     4 .tdata
2000002c  80052d4        0     1         . = ALIGN(4)
2000002c  80052d4        0     1         _edata = .
2000002c  80052d4        0     1 PROVIDE( __tdata_start = ADDR(.tdata) )
2000002c 2000002c        4     4 .tbss
2000002c 2000002c        0     1         _sbss = .
2000002c 2000002c        0     1         __bss_start__ = _sbss
2000002c 2000002c        4     4         C:/Users/Jesus/AppData/Local/stm32cube/bundles/st-arm-clang/21.1.1+st.6/bin/../lib/clang-runtimes/arm-none-eabi/armv7m_hard_fpv4_sp_d16_exn_rtti_unaligned_size/lib/libc.a(libc_errno_errno.c.o):(.tbss.errno)
       0        0        4     1                 errno
20000030 20000030        0     1         . = ALIGN(4)
2000002c 2000002c        0     1 PROVIDE( __tls_base = __tdata_start )
2000002c 2000002c        0     1 PROVIDE( __tls_align = MAX(ALIGNOF(.tdata), ALIGNOF(.tbss)) )
2000002c 2000002c        0     1 PROVIDE( __arm32_tls_tcb_offset = MAX(8, __tls_align) )
20000030 20000030      ad4     4 .bss
20000030 20000030        4     4         cmake/stm32cubemx/CMakeFiles/STM32_Drivers.dir/__/__/Drivers/STM32F4xx_HAL_Driver/Src/stm32f4xx_hal.c.obj:(.bss.uwTick)
20000030 20000030        4     1                 uwTick
20000034 20000034      3e0     4         CMakeFiles/work.dir/USB_HOST/Target/usbh_conf.c.obj:(.bss.hhcd_USB_OTG_FS)
20000034 20000034      3e0     1                 hhcd_USB_OTG_FS
20000414 20000414        1     1         CMakeFiles/work.dir/USB_HOST/App/usb_host.c.obj:(.bss.Appli_state)
20000414 20000414        1     1                 Appli_state
20000418 20000418      3d8     4         CMakeFiles/work.dir/USB_HOST/App/usb_host.c.obj:(.bss.hUsbHostFS)
20000418 20000418      3d8     1                 hUsbHostFS
200007f0 200007f0      1a8     2         CMakeFiles/work.dir/Core/Src/main.c.obj:(.bss.bufferAudio)
200007f0 200007f0      1a8     1                 bufferAudio
20000998 20000998       60     4         CMakeFiles/work.dir/Core/Src/main.c.obj:(.bss.hdma_spi3_tx)
20000998 20000998       60     1                 hdma_spi3_tx
200009f8 200009f8       48     4         CMakeFiles/work.dir/Core/Src/main.c.obj:(.bss.hi2s3)
200009f8 200009f8       48     1                 hi2s3
20000a40 20000a40       54     4         CMakeFiles/work.dir/Core/Src/main.c.obj:(.bss.hi2c1)
20000a40 20000a40       54     1                 hi2c1
20000a94 20000a94       58     4         CMakeFiles/work.dir/Core/Src/main.c.obj:(.bss.hspi1)
20000a94 20000a94       58     1                 hspi1
20000aec 20000aec        4     4         CMakeFiles/work.dir/Core/Src/sysmem.c.obj:(.bss.__sbrk_heap_end)
20000aec 20000aec        4     1                 __sbrk_heap_end
20000af0 20000af0        4     4         C:/Users/Jesus/AppData/Local/stm32cube/bundles/st-arm-clang/21.1.1+st.6/bin/../lib/clang-runtimes/arm-none-eabi/armv7m_hard_fpv4_sp_d16_exn_rtti_unaligned_size/lib/libc.a(nano-malloc.c.o):(.bss.__malloc_free_list)
20000af0 20000af0        4     1                 __malloc_free_list
20000af4 20000af4        8     4         C:/Users/Jesus/AppData/Local/stm32cube/bundles/st-arm-clang/21.1.1+st.6/bin/../lib/clang-runtimes/arm-none-eabi/armv7m_hard_fpv4_sp_d16_exn_rtti_unaligned_size/lib/libc.a(nano-malloc.c.o):(.bss..L_MergedGlobals)
20000af4 20000af4        4     1                 __malloc_sbrk_top
20000af8 20000af8        4     1                 __malloc_sbrk_start
20000afc 20000afc        1     1         C:/Users/Jesus/AppData/Local/stm32cube/bundles/st-arm-clang/21.1.1+st.6/bin/../lib/clang-runtimes/arm-none-eabi/armv7m_hard_fpv4_sp_d16_exn_rtti_unaligned_size/lib/libc.a(libc_misc_lock.c.o):(.bss.__lock___libc_recursive_mutex)
20000afc 20000afc        1     1                 __lock___libc_recursive_mutex
20000b00 20000b00        4     4         C:/Users/Jesus/AppData/Local/stm32cube/bundles/st-arm-clang/21.1.1+st.6/bin/../lib/clang-runtimes/arm-none-eabi/armv7m_hard_fpv4_sp_d16_exn_rtti_unaligned_size/lib/libc.a(libc_picolib_machine_arm_tls.c.o):(.bss.__tls)
20000b00 20000b00        4     1                 __tls
20000b04 20000b04        0     1         . = ALIGN(4)
20000b04 20000b04        0     1         _ebss = .
20000b04 20000b04        0     1         __bss_end__ = _ebss
20000b04 20000b04      604     1 ._user_heap_stack
20000b04 20000b04        4     1         . = ALIGN(8)
20000b08 20000b08        0     1         PROVIDE ( _end = . )
20000b08 20000b08      200     1         . = . + _Min_Heap_Size
20000d08 20000d08      400     1         . = . + _Min_Stack_Size
20001108 20001108        0     1         . = ALIGN(8)
       0        0     8dce     1 .debug_loclists
       0        0       6b     1         cmake/stm32cubemx/CMakeFiles/STM32_Drivers.dir/__/__/Core/Src/system_stm32f4xx.c.obj:(.debug_loclists)
      6b       6b      88f     1         cmake/stm32cubemx/CMakeFiles/STM32_Drivers.dir/__/__/Drivers/STM32F4xx_HAL_Driver/Src/stm32f4xx_hal_hcd.c.obj:(.debug_loclists)
     8fa      8fa     22e0     1         cmake/stm32cubemx/CMakeFiles/STM32_Drivers.dir/__/__/Drivers/STM32F4xx_HAL_Driver/Src/stm32f4xx_ll_usb.c.obj:(.debug_loclists)
    2bda     2bda      1b9     1         cmake/stm32cubemx/CMakeFiles/STM32_Drivers.dir/__/__/Drivers/STM32F4xx_HAL_Driver/Src/stm32f4xx_hal_rcc.c.obj:(.debug_loclists)
    2d93     2d93      160     1         cmake/stm32cubemx/CMakeFiles/STM32_Drivers.dir/__/__/Drivers/STM32F4xx_HAL_Driver/Src/stm32f4xx_hal_rcc_ex.c.obj:(.debug_loclists)
    2ef3     2ef3      13a     1         cmake/stm32cubemx/CMakeFiles/STM32_Drivers.dir/__/__/Drivers/STM32F4xx_HAL_Driver/Src/stm32f4xx_hal_flash.c.obj:(.debug_loclists)
    302d     302d      1f3     1         cmake/stm32cubemx/CMakeFiles/STM32_Drivers.dir/__/__/Drivers/STM32F4xx_HAL_Driver/Src/stm32f4xx_hal_flash_ex.c.obj:(.debug_loclists)
    3220     3220      193     1         cmake/stm32cubemx/CMakeFiles/STM32_Drivers.dir/__/__/Drivers/STM32F4xx_HAL_Driver/Src/stm32f4xx_hal_gpio.c.obj:(.debug_loclists)
    33b3     33b3      106     1         cmake/stm32cubemx/CMakeFiles/STM32_Drivers.dir/__/__/Drivers/STM32F4xx_HAL_Driver/Src/stm32f4xx_hal_dma_ex.c.obj:(.debug_loclists)
    34b9     34b9      4a5     1         cmake/stm32cubemx/CMakeFiles/STM32_Drivers.dir/__/__/Drivers/STM32F4xx_HAL_Driver/Src/stm32f4xx_hal_dma.c.obj:(.debug_loclists)
    395e     395e       53     1         cmake/stm32cubemx/CMakeFiles/STM32_Drivers.dir/__/__/Drivers/STM32F4xx_HAL_Driver/Src/stm32f4xx_hal_pwr_ex.c.obj:(.debug_loclists)
    39b1     39b1      18e     1         cmake/stm32cubemx/CMakeFiles/STM32_Drivers.dir/__/__/Drivers/STM32F4xx_HAL_Driver/Src/stm32f4xx_hal_cortex.c.obj:(.debug_loclists)
    3b3f     3b3f       85     1         cmake/stm32cubemx/CMakeFiles/STM32_Drivers.dir/__/__/Drivers/STM32F4xx_HAL_Driver/Src/stm32f4xx_hal.c.obj:(.debug_loclists)
    3bc4     3bc4      1cc     1         cmake/stm32cubemx/CMakeFiles/STM32_Drivers.dir/__/__/Drivers/STM32F4xx_HAL_Driver/Src/stm32f4xx_hal_exti.c.obj:(.debug_loclists)
    3d90     3d90     1ea5     1         cmake/stm32cubemx/CMakeFiles/STM32_Drivers.dir/__/__/Drivers/STM32F4xx_HAL_Driver/Src/stm32f4xx_hal_i2c.c.obj:(.debug_loclists)
    5c35     5c35      6b8     1         cmake/stm32cubemx/CMakeFiles/STM32_Drivers.dir/__/__/Drivers/STM32F4xx_HAL_Driver/Src/stm32f4xx_hal_i2s.c.obj:(.debug_loclists)
    62ed     62ed      4c3     1         cmake/stm32cubemx/CMakeFiles/STM32_Drivers.dir/__/__/Drivers/STM32F4xx_HAL_Driver/Src/stm32f4xx_hal_i2s_ex.c.obj:(.debug_loclists)
    67b0     67b0      8e1     1         cmake/stm32cubemx/CMakeFiles/STM32_Drivers.dir/__/__/Drivers/STM32F4xx_HAL_Driver/Src/stm32f4xx_hal_spi.c.obj:(.debug_loclists)
    7091     7091      347     1         cmake/stm32cubemx/CMakeFiles/USB_Host_Library.dir/__/__/Middlewares/ST/STM32_USB_Host_Library/Core/Src/usbh_core.c.obj:(.debug_loclists)
    73d8     73d8      9ff     1         cmake/stm32cubemx/CMakeFiles/USB_Host_Library.dir/__/__/Middlewares/ST/STM32_USB_Host_Library/Core/Src/usbh_ctlreq.c.obj:(.debug_loclists)
    7dd7     7dd7      2cf     1         cmake/stm32cubemx/CMakeFiles/USB_Host_Library.dir/__/__/Middlewares/ST/STM32_USB_Host_Library/Core/Src/usbh_ioreq.c.obj:(.debug_loclists)
    80a6     80a6       d0     1         cmake/stm32cubemx/CMakeFiles/USB_Host_Library.dir/__/__/Middlewares/ST/STM32_USB_Host_Library/Core/Src/usbh_pipes.c.obj:(.debug_loclists)
    8176     8176      362     1         cmake/stm32cubemx/CMakeFiles/USB_Host_Library.dir/__/__/Middlewares/ST/STM32_USB_Host_Library/Class/CDC/Src/usbh_cdc.c.obj:(.debug_loclists)
    84d8     84d8      41f     1         CMakeFiles/work.dir/USB_HOST/Target/usbh_conf.c.obj:(.debug_loclists)
    88f7     88f7       2a     1         CMakeFiles/work.dir/USB_HOST/Target/usbh_platform.c.obj:(.debug_loclists)
    8921     8921      1ac     1         CMakeFiles/work.dir/Core/Src/main.c.obj:(.debug_loclists)
    8acd     8acd       81     1         CMakeFiles/work.dir/Core/Src/stm32f4xx_hal_msp.c.obj:(.debug_loclists)
    8b4e     8b4e       25     1         CMakeFiles/work.dir/Core/Src/sysmem.c.obj:(.debug_loclists)
    8b73     8b73      25b     1         CMakeFiles/work.dir/Core/Src/syscalls.c.obj:(.debug_loclists)
       0        0     3c74     1 .debug_abbrev
       0        0       da     1         cmake/stm32cubemx/CMakeFiles/STM32_Drivers.dir/__/__/Core/Src/system_stm32f4xx.c.obj:(.debug_abbrev)
      da       da      261     1         cmake/stm32cubemx/CMakeFiles/STM32_Drivers.dir/__/__/Drivers/STM32F4xx_HAL_Driver/Src/stm32f4xx_hal_hcd.c.obj:(.debug_abbrev)
     33b      33b      2d1     1         cmake/stm32cubemx/CMakeFiles/STM32_Drivers.dir/__/__/Drivers/STM32F4xx_HAL_Driver/Src/stm32f4xx_ll_usb.c.obj:(.debug_abbrev)
     60c      60c      1d8     1         cmake/stm32cubemx/CMakeFiles/STM32_Drivers.dir/__/__/Drivers/STM32F4xx_HAL_Driver/Src/stm32f4xx_hal_rcc.c.obj:(.debug_abbrev)
     7e4      7e4      110     1         cmake/stm32cubemx/CMakeFiles/STM32_Drivers.dir/__/__/Drivers/STM32F4xx_HAL_Driver/Src/stm32f4xx_hal_rcc_ex.c.obj:(.debug_abbrev)
     8f4      8f4      1e4     1         cmake/stm32cubemx/CMakeFiles/STM32_Drivers.dir/__/__/Drivers/STM32F4xx_HAL_Driver/Src/stm32f4xx_hal_flash.c.obj:(.debug_abbrev)
     ad8      ad8      24d     1         cmake/stm32cubemx/CMakeFiles/STM32_Drivers.dir/__/__/Drivers/STM32F4xx_HAL_Driver/Src/stm32f4xx_hal_flash_ex.c.obj:(.debug_abbrev)
     d25      d25      17b     1         cmake/stm32cubemx/CMakeFiles/STM32_Drivers.dir/__/__/Drivers/STM32F4xx_HAL_Driver/Src/stm32f4xx_hal_gpio.c.obj:(.debug_abbrev)
     ea0      ea0      137     1         cmake/stm32cubemx/CMakeFiles/STM32_Drivers.dir/__/__/Drivers/STM32F4xx_HAL_Driver/Src/stm32f4xx_hal_dma_ex.c.obj:(.debug_abbrev)
     fd7      fd7      219     1         cmake/stm32cubemx/CMakeFiles/STM32_Drivers.dir/__/__/Drivers/STM32F4xx_HAL_Driver/Src/stm32f4xx_hal_dma.c.obj:(.debug_abbrev)
    11f0     11f0      133     1         cmake/stm32cubemx/CMakeFiles/STM32_Drivers.dir/__/__/Drivers/STM32F4xx_HAL_Driver/Src/stm32f4xx_hal_pwr.c.obj:(.debug_abbrev)
    1323     1323      11a     1         cmake/stm32cubemx/CMakeFiles/STM32_Drivers.dir/__/__/Drivers/STM32F4xx_HAL_Driver/Src/stm32f4xx_hal_pwr_ex.c.obj:(.debug_abbrev)
    143d     143d      2d3     1         cmake/stm32cubemx/CMakeFiles/STM32_Drivers.dir/__/__/Drivers/STM32F4xx_HAL_Driver/Src/stm32f4xx_hal_cortex.c.obj:(.debug_abbrev)
    1710     1710      192     1         cmake/stm32cubemx/CMakeFiles/STM32_Drivers.dir/__/__/Drivers/STM32F4xx_HAL_Driver/Src/stm32f4xx_hal.c.obj:(.debug_abbrev)
    18a2     18a2      172     1         cmake/stm32cubemx/CMakeFiles/STM32_Drivers.dir/__/__/Drivers/STM32F4xx_HAL_Driver/Src/stm32f4xx_hal_exti.c.obj:(.debug_abbrev)
    1a14     1a14      259     1         cmake/stm32cubemx/CMakeFiles/STM32_Drivers.dir/__/__/Drivers/STM32F4xx_HAL_Driver/Src/stm32f4xx_hal_i2c.c.obj:(.debug_abbrev)
    1c6d     1c6d      204     1         cmake/stm32cubemx/CMakeFiles/STM32_Drivers.dir/__/__/Drivers/STM32F4xx_HAL_Driver/Src/stm32f4xx_hal_i2s.c.obj:(.debug_abbrev)
    1e71     1e71      22e     1         cmake/stm32cubemx/CMakeFiles/STM32_Drivers.dir/__/__/Drivers/STM32F4xx_HAL_Driver/Src/stm32f4xx_hal_i2s_ex.c.obj:(.debug_abbrev)
    209f     209f      18a     1         cmake/stm32cubemx/CMakeFiles/STM32_Drivers.dir/__/__/Drivers/STM32F4xx_HAL_Driver/Src/stm32f4xx_hal_spi.c.obj:(.debug_abbrev)
    2229     2229      2b7     1         cmake/stm32cubemx/CMakeFiles/USB_Host_Library.dir/__/__/Middlewares/ST/STM32_USB_Host_Library/Core/Src/usbh_core.c.obj:(.debug_abbrev)
    24e0     24e0      2b5     1         cmake/stm32cubemx/CMakeFiles/USB_Host_Library.dir/__/__/Middlewares/ST/STM32_USB_Host_Library/Core/Src/usbh_ctlreq.c.obj:(.debug_abbrev)
    2795     2795      17f     1         cmake/stm32cubemx/CMakeFiles/USB_Host_Library.dir/__/__/Middlewares/ST/STM32_USB_Host_Library/Core/Src/usbh_ioreq.c.obj:(.debug_abbrev)
    2914     2914      1c4     1         cmake/stm32cubemx/CMakeFiles/USB_Host_Library.dir/__/__/Middlewares/ST/STM32_USB_Host_Library/Core/Src/usbh_pipes.c.obj:(.debug_abbrev)
    2ad8     2ad8      2cb     1         cmake/stm32cubemx/CMakeFiles/USB_Host_Library.dir/__/__/Middlewares/ST/STM32_USB_Host_Library/Class/CDC/Src/usbh_cdc.c.obj:(.debug_abbrev)
    2da3     2da3      3ba     1         CMakeFiles/work.dir/USB_HOST/Target/usbh_conf.c.obj:(.debug_abbrev)
    315d     315d       f3     1         CMakeFiles/work.dir/USB_HOST/Target/usbh_platform.c.obj:(.debug_abbrev)
    3250     3250      1b6     1         CMakeFiles/work.dir/USB_HOST/App/usb_host.c.obj:(.debug_abbrev)
    3406     3406      2a9     1         CMakeFiles/work.dir/Core/Src/main.c.obj:(.debug_abbrev)
    36af     36af      163     1         CMakeFiles/work.dir/Core/Src/stm32f4xx_it.c.obj:(.debug_abbrev)
    3812     3812      1e4     1         CMakeFiles/work.dir/Core/Src/stm32f4xx_hal_msp.c.obj:(.debug_abbrev)
    39f6     39f6       99     1         CMakeFiles/work.dir/Core/Src/sysmem.c.obj:(.debug_abbrev)
    3a8f     3a8f      1c6     1         CMakeFiles/work.dir/Core/Src/syscalls.c.obj:(.debug_abbrev)
    3c55     3c55       1f     1         CMakeFiles/work.dir/startup_stm32f407xx.s.obj:(.debug_abbrev)
       0        0    11f3f     1 .debug_info
       0        0      357     1         cmake/stm32cubemx/CMakeFiles/STM32_Drivers.dir/__/__/Core/Src/system_stm32f4xx.c.obj:(.debug_info)
     357      357      b54     1         cmake/stm32cubemx/CMakeFiles/STM32_Drivers.dir/__/__/Drivers/STM32F4xx_HAL_Driver/Src/stm32f4xx_hal_hcd.c.obj:(.debug_info)
     eab      eab     1592     1         cmake/stm32cubemx/CMakeFiles/STM32_Drivers.dir/__/__/Drivers/STM32F4xx_HAL_Driver/Src/stm32f4xx_ll_usb.c.obj:(.debug_info)
    243d     243d      61f     1         cmake/stm32cubemx/CMakeFiles/STM32_Drivers.dir/__/__/Drivers/STM32F4xx_HAL_Driver/Src/stm32f4xx_hal_rcc.c.obj:(.debug_info)
    2a5c     2a5c      36d     1         cmake/stm32cubemx/CMakeFiles/STM32_Drivers.dir/__/__/Drivers/STM32F4xx_HAL_Driver/Src/stm32f4xx_hal_rcc_ex.c.obj:(.debug_info)
    2dc9     2dc9      480     1         cmake/stm32cubemx/CMakeFiles/STM32_Drivers.dir/__/__/Drivers/STM32F4xx_HAL_Driver/Src/stm32f4xx_hal_flash.c.obj:(.debug_info)
    3249     3249      4ef     1         cmake/stm32cubemx/CMakeFiles/STM32_Drivers.dir/__/__/Drivers/STM32F4xx_HAL_Driver/Src/stm32f4xx_hal_flash_ex.c.obj:(.debug_info)
    3738     3738      4ed     1         cmake/stm32cubemx/CMakeFiles/STM32_Drivers.dir/__/__/Drivers/STM32F4xx_HAL_Driver/Src/stm32f4xx_hal_gpio.c.obj:(.debug_info)
    3c25     3c25      3a5     1         cmake/stm32cubemx/CMakeFiles/STM32_Drivers.dir/__/__/Drivers/STM32F4xx_HAL_Driver/Src/stm32f4xx_hal_dma_ex.c.obj:(.debug_info)
    3fca     3fca      64b     1         cmake/stm32cubemx/CMakeFiles/STM32_Drivers.dir/__/__/Drivers/STM32F4xx_HAL_Driver/Src/stm32f4xx_hal_dma.c.obj:(.debug_info)
    4615     4615      4c3     1         cmake/stm32cubemx/CMakeFiles/STM32_Drivers.dir/__/__/Drivers/STM32F4xx_HAL_Driver/Src/stm32f4xx_hal_pwr.c.obj:(.debug_info)
    4ad8     4ad8      29e     1         cmake/stm32cubemx/CMakeFiles/STM32_Drivers.dir/__/__/Drivers/STM32F4xx_HAL_Driver/Src/stm32f4xx_hal_pwr_ex.c.obj:(.debug_info)
    4d76     4d76      a2a     1         cmake/stm32cubemx/CMakeFiles/STM32_Drivers.dir/__/__/Drivers/STM32F4xx_HAL_Driver/Src/stm32f4xx_hal_cortex.c.obj:(.debug_info)
    57a0     57a0      5c8     1         cmake/stm32cubemx/CMakeFiles/STM32_Drivers.dir/__/__/Drivers/STM32F4xx_HAL_Driver/Src/stm32f4xx_hal.c.obj:(.debug_info)
    5d68     5d68      366     1         cmake/stm32cubemx/CMakeFiles/STM32_Drivers.dir/__/__/Drivers/STM32F4xx_HAL_Driver/Src/stm32f4xx_hal_exti.c.obj:(.debug_info)
    60ce     60ce     2150     1         cmake/stm32cubemx/CMakeFiles/STM32_Drivers.dir/__/__/Drivers/STM32F4xx_HAL_Driver/Src/stm32f4xx_hal_i2c.c.obj:(.debug_info)
    821e     821e      a74     1         cmake/stm32cubemx/CMakeFiles/STM32_Drivers.dir/__/__/Drivers/STM32F4xx_HAL_Driver/Src/stm32f4xx_hal_i2s.c.obj:(.debug_info)
    8c92     8c92      80d     1         cmake/stm32cubemx/CMakeFiles/STM32_Drivers.dir/__/__/Drivers/STM32F4xx_HAL_Driver/Src/stm32f4xx_hal_i2s_ex.c.obj:(.debug_info)
    949f     949f      ec6     1         cmake/stm32cubemx/CMakeFiles/STM32_Drivers.dir/__/__/Drivers/STM32F4xx_HAL_Driver/Src/stm32f4xx_hal_spi.c.obj:(.debug_info)
    a365     a365      a53     1         cmake/stm32cubemx/CMakeFiles/USB_Host_Library.dir/__/__/Middlewares/ST/STM32_USB_Host_Library/Core/Src/usbh_core.c.obj:(.debug_info)
    adb8     adb8      c30     1         cmake/stm32cubemx/CMakeFiles/USB_Host_Library.dir/__/__/Middlewares/ST/STM32_USB_Host_Library/Core/Src/usbh_ctlreq.c.obj:(.debug_info)
    b9e8     b9e8      852     1         cmake/stm32cubemx/CMakeFiles/USB_Host_Library.dir/__/__/Middlewares/ST/STM32_USB_Host_Library/Core/Src/usbh_ioreq.c.obj:(.debug_info)
    c23a     c23a      749     1         cmake/stm32cubemx/CMakeFiles/USB_Host_Library.dir/__/__/Middlewares/ST/STM32_USB_Host_Library/Core/Src/usbh_pipes.c.obj:(.debug_info)
    c983     c983      cff     1         cmake/stm32cubemx/CMakeFiles/USB_Host_Library.dir/__/__/Middlewares/ST/STM32_USB_Host_Library/Class/CDC/Src/usbh_cdc.c.obj:(.debug_info)
    d682     d682     1425     1         CMakeFiles/work.dir/USB_HOST/Target/usbh_conf.c.obj:(.debug_info)
[...]
     d0c      d0c      138     1         cmake/stm32cubemx/CMakeFiles/STM32_Drivers.dir/__/__/Drivers/STM32F4xx_HAL_Driver/Src/stm32f4xx_hal_flash_ex.c.obj:(.debug_str_offsets)
     e44      e44      1a4     1         cmake/stm32cubemx/CMakeFiles/STM32_Drivers.dir/__/__/Drivers/STM32F4xx_HAL_Driver/Src/stm32f4xx_hal_gpio.c.obj:(.debug_str_offsets)
     fe8      fe8      140     1         cmake/stm32cubemx/CMakeFiles/STM32_Drivers.dir/__/__/Drivers/STM32F4xx_HAL_Driver/Src/stm32f4xx_hal_dma_ex.c.obj:(.debug_str_offsets)
    1128     1128      1c4     1         cmake/stm32cubemx/CMakeFiles/STM32_Drivers.dir/__/__/Drivers/STM32F4xx_HAL_Driver/Src/stm32f4xx_hal_dma.c.obj:(.debug_str_offsets)
    12ec     12ec      198     1         cmake/stm32cubemx/CMakeFiles/STM32_Drivers.dir/__/__/Drivers/STM32F4xx_HAL_Driver/Src/stm32f4xx_hal_pwr.c.obj:(.debug_str_offsets)
    1484     1484       f0     1         cmake/stm32cubemx/CMakeFiles/STM32_Drivers.dir/__/__/Drivers/STM32F4xx_HAL_Driver/Src/stm32f4xx_hal_pwr_ex.c.obj:(.debug_str_offsets)
    1574     1574      388     1         cmake/stm32cubemx/CMakeFiles/STM32_Drivers.dir/__/__/Drivers/STM32F4xx_HAL_Driver/Src/stm32f4xx_hal_cortex.c.obj:(.debug_str_offsets)
    18fc     18fc      310     1         cmake/stm32cubemx/CMakeFiles/STM32_Drivers.dir/__/__/Drivers/STM32F4xx_HAL_Driver/Src/stm32f4xx_hal.c.obj:(.debug_str_offsets)
    1c0c     1c0c       e0     1         cmake/stm32cubemx/CMakeFiles/STM32_Drivers.dir/__/__/Drivers/STM32F4xx_HAL_Driver/Src/stm32f4xx_hal_exti.c.obj:(.debug_str_offsets)
    1cec     1cec      3b0     1         cmake/stm32cubemx/CMakeFiles/STM32_Drivers.dir/__/__/Drivers/STM32F4xx_HAL_Driver/Src/stm32f4xx_hal_i2c.c.obj:(.debug_str_offsets)
    209c     209c      268     1         cmake/stm32cubemx/CMakeFiles/STM32_Drivers.dir/__/__/Drivers/STM32F4xx_HAL_Driver/Src/stm32f4xx_hal_i2s.c.obj:(.debug_str_offsets)
    2304     2304      22c     1         cmake/stm32cubemx/CMakeFiles/STM32_Drivers.dir/__/__/Drivers/STM32F4xx_HAL_Driver/Src/stm32f4xx_hal_i2s_ex.c.obj:(.debug_str_offsets)
    2530     2530      2f8     1         cmake/stm32cubemx/CMakeFiles/STM32_Drivers.dir/__/__/Drivers/STM32F4xx_HAL_Driver/Src/stm32f4xx_hal_spi.c.obj:(.debug_str_offsets)
    2828     2828      350     1         cmake/stm32cubemx/CMakeFiles/USB_Host_Library.dir/__/__/Middlewares/ST/STM32_USB_Host_Library/Core/Src/usbh_core.c.obj:(.debug_str_offsets)
    2b78     2b78      39c     1         cmake/stm32cubemx/CMakeFiles/USB_Host_Library.dir/__/__/Middlewares/ST/STM32_USB_Host_Library/Core/Src/usbh_ctlreq.c.obj:(.debug_str_offsets)
    2f14     2f14      2e4     1         cmake/stm32cubemx/CMakeFiles/USB_Host_Library.dir/__/__/Middlewares/ST/STM32_USB_Host_Library/Core/Src/usbh_ioreq.c.obj:(.debug_str_offsets)
    31f8     31f8      2e0     1         cmake/stm32cubemx/CMakeFiles/USB_Host_Library.dir/__/__/Middlewares/ST/STM32_USB_Host_Library/Core/Src/usbh_pipes.c.obj:(.debug_str_offsets)
    34d8     34d8      43c     1         cmake/stm32cubemx/CMakeFiles/USB_Host_Library.dir/__/__/Middlewares/ST/STM32_USB_Host_Library/Class/CDC/Src/usbh_cdc.c.obj:(.debug_str_offsets)
    3914     3914      774     1         CMakeFiles/work.dir/USB_HOST/Target/usbh_conf.c.obj:(.debug_str_offsets)
    4088     4088       80     1         CMakeFiles/work.dir/USB_HOST/Target/usbh_platform.c.obj:(.debug_str_offsets)
    4108     4108      2dc     1         CMakeFiles/work.dir/USB_HOST/App/usb_host.c.obj:(.debug_str_offsets)
    43e4     43e4      5c8     1         CMakeFiles/work.dir/Core/Src/main.c.obj:(.debug_str_offsets)
    49ac     49ac      338     1         CMakeFiles/work.dir/Core/Src/stm32f4xx_it.c.obj:(.debug_str_offsets)
    4ce4     4ce4      520     1         CMakeFiles/work.dir/Core/Src/stm32f4xx_hal_msp.c.obj:(.debug_str_offsets)
    5204     5204       4c     1         CMakeFiles/work.dir/Core/Src/sysmem.c.obj:(.debug_str_offsets)
    5250     5250      1d0     1         CMakeFiles/work.dir/Core/Src/syscalls.c.obj:(.debug_str_offsets)
       0        0     6fd8     1 .debug_str
       0        0     6fd8     1         <internal>:(.debug_str)
       0        0      e80     1 .debug_addr
       0        0       1c     1         cmake/stm32cubemx/CMakeFiles/STM32_Drivers.dir/__/__/Core/Src/system_stm32f4xx.c.obj:(.debug_addr)
      1c       1c       88     1         cmake/stm32cubemx/CMakeFiles/STM32_Drivers.dir/__/__/Drivers/STM32F4xx_HAL_Driver/Src/stm32f4xx_hal_hcd.c.obj:(.debug_addr)
      a4       a4      10c     1         cmake/stm32cubemx/CMakeFiles/STM32_Drivers.dir/__/__/Drivers/STM32F4xx_HAL_Driver/Src/stm32f4xx_ll_usb.c.obj:(.debug_addr)
     1b0      1b0       48     1         cmake/stm32cubemx/CMakeFiles/STM32_Drivers.dir/__/__/Drivers/STM32F4xx_HAL_Driver/Src/stm32f4xx_hal_rcc.c.obj:(.debug_addr)
     1f8      1f8       24     1         cmake/stm32cubemx/CMakeFiles/STM32_Drivers.dir/__/__/Drivers/STM32F4xx_HAL_Driver/Src/stm32f4xx_hal_rcc_ex.c.obj:(.debug_addr)
     21c      21c       70     1         cmake/stm32cubemx/CMakeFiles/STM32_Drivers.dir/__/__/Drivers/STM32F4xx_HAL_Driver/Src/stm32f4xx_hal_flash.c.obj:(.debug_addr)
     28c      28c       54     1         cmake/stm32cubemx/CMakeFiles/STM32_Drivers.dir/__/__/Drivers/STM32F4xx_HAL_Driver/Src/stm32f4xx_hal_flash_ex.c.obj:(.debug_addr)
     2e0      2e0       30     1         cmake/stm32cubemx/CMakeFiles/STM32_Drivers.dir/__/__/Drivers/STM32F4xx_HAL_Driver/Src/stm32f4xx_hal_gpio.c.obj:(.debug_addr)
     310      310       1c     1         cmake/stm32cubemx/CMakeFiles/STM32_Drivers.dir/__/__/Drivers/STM32F4xx_HAL_Driver/Src/stm32f4xx_hal_dma_ex.c.obj:(.debug_addr)
     32c      32c       40     1         cmake/stm32cubemx/CMakeFiles/STM32_Drivers.dir/__/__/Drivers/STM32F4xx_HAL_Driver/Src/stm32f4xx_hal_dma.c.obj:(.debug_addr)
     36c      36c       4c     1         cmake/stm32cubemx/CMakeFiles/STM32_Drivers.dir/__/__/Drivers/STM32F4xx_HAL_Driver/Src/stm32f4xx_hal_pwr.c.obj:(.debug_addr)
     3b8      3b8       28     1         cmake/stm32cubemx/CMakeFiles/STM32_Drivers.dir/__/__/Drivers/STM32F4xx_HAL_Driver/Src/stm32f4xx_hal_pwr_ex.c.obj:(.debug_addr)
     3e0      3e0       90     1         cmake/stm32cubemx/CMakeFiles/STM32_Drivers.dir/__/__/Drivers/STM32F4xx_HAL_Driver/Src/stm32f4xx_hal_cortex.c.obj:(.debug_addr)
     470      470       80     1         cmake/stm32cubemx/CMakeFiles/STM32_Drivers.dir/__/__/Drivers/STM32F4xx_HAL_Driver/Src/stm32f4xx_hal.c.obj:(.debug_addr)
     4f0      4f0       30     1         cmake/stm32cubemx/CMakeFiles/STM32_Drivers.dir/__/__/Drivers/STM32F4xx_HAL_Driver/Src/stm32f4xx_hal_exti.c.obj:(.debug_addr)
     520      520      280     1         cmake/stm32cubemx/CMakeFiles/STM32_Drivers.dir/__/__/Drivers/STM32F4xx_HAL_Driver/Src/stm32f4xx_hal_i2c.c.obj:(.debug_addr)
     7a0      7a0       d8     1         cmake/stm32cubemx/CMakeFiles/STM32_Drivers.dir/__/__/Drivers/STM32F4xx_HAL_Driver/Src/stm32f4xx_hal_i2s.c.obj:(.debug_addr)
     878      878       78     1         cmake/stm32cubemx/CMakeFiles/STM32_Drivers.dir/__/__/Drivers/STM32F4xx_HAL_Driver/Src/stm32f4xx_hal_i2s_ex.c.obj:(.debug_addr)
     8f0      8f0      1ac     1         cmake/stm32cubemx/CMakeFiles/STM32_Drivers.dir/__/__/Drivers/STM32F4xx_HAL_Driver/Src/stm32f4xx_hal_spi.c.obj:(.debug_addr)
     a9c      a9c       60     1         cmake/stm32cubemx/CMakeFiles/USB_Host_Library.dir/__/__/Middlewares/ST/STM32_USB_Host_Library/Core/Src/usbh_core.c.obj:(.debug_addr)
     afc      afc       60     1         cmake/stm32cubemx/CMakeFiles/USB_Host_Library.dir/__/__/Middlewares/ST/STM32_USB_Host_Library/Core/Src/usbh_ctlreq.c.obj:(.debug_addr)
     b5c      b5c       2c     1         cmake/stm32cubemx/CMakeFiles/USB_Host_Library.dir/__/__/Middlewares/ST/STM32_USB_Host_Library/Core/Src/usbh_ioreq.c.obj:(.debug_addr)
     b88      b88       1c     1         cmake/stm32cubemx/CMakeFiles/USB_Host_Library.dir/__/__/Middlewares/ST/STM32_USB_Host_Library/Core/Src/usbh_pipes.c.obj:(.debug_addr)
     ba4      ba4       4c     1         cmake/stm32cubemx/CMakeFiles/USB_Host_Library.dir/__/__/Middlewares/ST/STM32_USB_Host_Library/Class/CDC/Src/usbh_cdc.c.obj:(.debug_addr)
     bf0      bf0       ac     1         CMakeFiles/work.dir/USB_HOST/Target/usbh_conf.c.obj:(.debug_addr)
     c9c      c9c       10     1         CMakeFiles/work.dir/USB_HOST/Target/usbh_platform.c.obj:(.debug_addr)
     cac      cac       24     1         CMakeFiles/work.dir/USB_HOST/App/usb_host.c.obj:(.debug_addr)
     cd0      cd0       a8     1         CMakeFiles/work.dir/Core/Src/main.c.obj:(.debug_addr)
     d78      d78       44     1         CMakeFiles/work.dir/Core/Src/stm32f4xx_it.c.obj:(.debug_addr)
     dbc      dbc       4c     1         CMakeFiles/work.dir/Core/Src/stm32f4xx_hal_msp.c.obj:(.debug_addr)
     e08      e08       10     1         CMakeFiles/work.dir/Core/Src/sysmem.c.obj:(.debug_addr)
     e18      e18       68     1         CMakeFiles/work.dir/Core/Src/syscalls.c.obj:(.debug_addr)
       0        0       92     1 .comment
       0        0       92     1         <internal>:(.comment)
       0        0       4d     1 .ARM.attributes
       0        0       4d     1         <internal>:(.ARM.attributes)
       0        0     2efc     4 .debug_frame
       0        0       40     4         cmake/stm32cubemx/CMakeFiles/STM32_Drivers.dir/__/__/Core/Src/system_stm32f4xx.c.obj:(.debug_frame)
      40       40      238     4         cmake/stm32cubemx/CMakeFiles/STM32_Drivers.dir/__/__/Drivers/STM32F4xx_HAL_Driver/Src/stm32f4xx_hal_hcd.c.obj:(.debug_frame)
     278      278      440     4         cmake/stm32cubemx/CMakeFiles/STM32_Drivers.dir/__/__/Drivers/STM32F4xx_HAL_Driver/Src/stm32f4xx_ll_usb.c.obj:(.debug_frame)
     6b8      6b8      13c     4         cmake/stm32cubemx/CMakeFiles/STM32_Drivers.dir/__/__/Drivers/STM32F4xx_HAL_Driver/Src/stm32f4xx_hal_rcc.c.obj:(.debug_frame)
     7f4      7f4       b4     4         cmake/stm32cubemx/CMakeFiles/STM32_Drivers.dir/__/__/Drivers/STM32F4xx_HAL_Driver/Src/stm32f4xx_hal_rcc_ex.c.obj:(.debug_frame)
     8a8      8a8      10c     4         cmake/stm32cubemx/CMakeFiles/STM32_Drivers.dir/__/__/Drivers/STM32F4xx_HAL_Driver/Src/stm32f4xx_hal_flash.c.obj:(.debug_frame)
     9b4      9b4       a8     4         cmake/stm32cubemx/CMakeFiles/STM32_Drivers.dir/__/__/Drivers/STM32F4xx_HAL_Driver/Src/stm32f4xx_hal_flash_ex.c.obj:(.debug_frame)
     a5c      a5c       c8     4         cmake/stm32cubemx/CMakeFiles/STM32_Drivers.dir/__/__/Drivers/STM32F4xx_HAL_Driver/Src/stm32f4xx_hal_gpio.c.obj:(.debug_frame)
     b24      b24       60     4         cmake/stm32cubemx/CMakeFiles/STM32_Drivers.dir/__/__/Drivers/STM32F4xx_HAL_Driver/Src/stm32f4xx_hal_dma_ex.c.obj:(.debug_frame)
     b84      b84      144     4         cmake/stm32cubemx/CMakeFiles/STM32_Drivers.dir/__/__/Drivers/STM32F4xx_HAL_Driver/Src/stm32f4xx_hal_dma.c.obj:(.debug_frame)
     cc8      cc8      134     4         cmake/stm32cubemx/CMakeFiles/STM32_Drivers.dir/__/__/Drivers/STM32F4xx_HAL_Driver/Src/stm32f4xx_hal_pwr.c.obj:(.debug_frame)
     dfc      dfc       9c     4         cmake/stm32cubemx/CMakeFiles/STM32_Drivers.dir/__/__/Drivers/STM32F4xx_HAL_Driver/Src/stm32f4xx_hal_pwr_ex.c.obj:(.debug_frame)
     e98      e98      194     4         cmake/stm32cubemx/CMakeFiles/STM32_Drivers.dir/__/__/Drivers/STM32F4xx_HAL_Driver/Src/stm32f4xx_hal_cortex.c.obj:(.debug_frame)
    102c     102c      1f8     4         cmake/stm32cubemx/CMakeFiles/STM32_Drivers.dir/__/__/Drivers/STM32F4xx_HAL_Driver/Src/stm32f4xx_hal.c.obj:(.debug_frame)
    1224     1224       cc     4         cmake/stm32cubemx/CMakeFiles/STM32_Drivers.dir/__/__/Drivers/STM32F4xx_HAL_Driver/Src/stm32f4xx_hal_exti.c.obj:(.debug_frame)
    12f0     12f0      708     4         cmake/stm32cubemx/CMakeFiles/STM32_Drivers.dir/__/__/Drivers/STM32F4xx_HAL_Driver/Src/stm32f4xx_hal_i2c.c.obj:(.debug_frame)
    19f8     19f8      28c     4         cmake/stm32cubemx/CMakeFiles/STM32_Drivers.dir/__/__/Drivers/STM32F4xx_HAL_Driver/Src/stm32f4xx_hal_i2s.c.obj:(.debug_frame)
    1c84     1c84      100     4         cmake/stm32cubemx/CMakeFiles/STM32_Drivers.dir/__/__/Drivers/STM32F4xx_HAL_Driver/Src/stm32f4xx_hal_i2s_ex.c.obj:(.debug_frame)
    1d84     1d84      510     4         cmake/stm32cubemx/CMakeFiles/STM32_Drivers.dir/__/__/Drivers/STM32F4xx_HAL_Driver/Src/stm32f4xx_hal_spi.c.obj:(.debug_frame)
    2294     2294      198     4         cmake/stm32cubemx/CMakeFiles/USB_Host_Library.dir/__/__/Middlewares/ST/STM32_USB_Host_Library/Core/Src/usbh_core.c.obj:(.debug_frame)
    242c     242c      118     4         cmake/stm32cubemx/CMakeFiles/USB_Host_Library.dir/__/__/Middlewares/ST/STM32_USB_Host_Library/Core/Src/usbh_ctlreq.c.obj:(.debug_frame)
    2544     2544      110     4         cmake/stm32cubemx/CMakeFiles/USB_Host_Library.dir/__/__/Middlewares/ST/STM32_USB_Host_Library/Core/Src/usbh_ioreq.c.obj:(.debug_frame)
    2654     2654       70     4         cmake/stm32cubemx/CMakeFiles/USB_Host_Library.dir/__/__/Middlewares/ST/STM32_USB_Host_Library/Core/Src/usbh_pipes.c.obj:(.debug_frame)
    26c4     26c4      150     4         cmake/stm32cubemx/CMakeFiles/USB_Host_Library.dir/__/__/Middlewares/ST/STM32_USB_Host_Library/Class/CDC/Src/usbh_cdc.c.obj:(.debug_frame)
    2814     2814      224     4         CMakeFiles/work.dir/USB_HOST/Target/usbh_conf.c.obj:(.debug_frame)
    2a38     2a38       24     4         CMakeFiles/work.dir/USB_HOST/Target/usbh_platform.c.obj:(.debug_frame)
    2a5c     2a5c       4c     4         CMakeFiles/work.dir/USB_HOST/App/usb_host.c.obj:(.debug_frame)
    2aa8     2aa8       9c     4         CMakeFiles/work.dir/Core/Src/main.c.obj:(.debug_frame)
    2b44     2b44       d4     4         CMakeFiles/work.dir/Core/Src/stm32f4xx_it.c.obj:(.debug_frame)
    2c18     2c18       cc     4         CMakeFiles/work.dir/Core/Src/stm32f4xx_hal_msp.c.obj:(.debug_frame)
    2ce4     2ce4       30     4         CMakeFiles/work.dir/Core/Src/sysmem.c.obj:(.debug_frame)
    2d14     2d14      1b4     4         CMakeFiles/work.dir/Core/Src/syscalls.c.obj:(.debug_frame)
    2ec8     2ec8       34     4         C:/Users/Jesus/AppData/Local/stm32cube/bundles/st-arm-clang/21.1.1+st.6/bin/../lib/clang-runtimes/arm-none-eabi/armv7m_hard_fpv4_sp_d16_exn_rtti_unaligned_size/lib/libc.a(libc_picolib_machine_arm_read_tp.S.o):(.debug_frame)
       0        0     f4b0     1 .debug_line
       0        0       f6     1         cmake/stm32cubemx/CMakeFiles/STM32_Drivers.dir/__/__/Core/Src/system_stm32f4xx.c.obj:(.debug_line)
      f6       f6      c4c     1         cmake/stm32cubemx/CMakeFiles/STM32_Drivers.dir/__/__/Drivers/STM32F4xx_HAL_Driver/Src/stm32f4xx_hal_hcd.c.obj:(.debug_line)
     d42      d42     17fd     1         cmake/stm32cubemx/CMakeFiles/STM32_Drivers.dir/__/__/Drivers/STM32F4xx_HAL_Driver/Src/stm32f4xx_ll_usb.c.obj:(.debug_line)
    253f     253f      869     1         cmake/stm32cubemx/CMakeFiles/STM32_Drivers.dir/__/__/Drivers/STM32F4xx_HAL_Driver/Src/stm32f4xx_hal_rcc.c.obj:(.debug_line)
    2da8     2da8      4c0     1         cmake/stm32cubemx/CMakeFiles/STM32_Drivers.dir/__/__/Drivers/STM32F4xx_HAL_Driver/Src/stm32f4xx_hal_rcc_ex.c.obj:(.debug_line)
    3268     3268      537     1         cmake/stm32cubemx/CMakeFiles/STM32_Drivers.dir/__/__/Drivers/STM32F4xx_HAL_Driver/Src/stm32f4xx_hal_flash.c.obj:(.debug_line)
    379f     379f      43b     1         cmake/stm32cubemx/CMakeFiles/STM32_Drivers.dir/__/__/Drivers/STM32F4xx_HAL_Driver/Src/stm32f4xx_hal_flash_ex.c.obj:(.debug_line)
    3bda     3bda      38e     1         cmake/stm32cubemx/CMakeFiles/STM32_Drivers.dir/__/__/Drivers/STM32F4xx_HAL_Driver/Src/stm32f4xx_hal_gpio.c.obj:(.debug_line)
    3f68     3f68      51d     1         cmake/stm32cubemx/CMakeFiles/STM32_Drivers.dir/__/__/Drivers/STM32F4xx_HAL_Driver/Src/stm32f4xx_hal_dma_ex.c.obj:(.debug_line)
    4485     4485      93b     1         cmake/stm32cubemx/CMakeFiles/STM32_Drivers.dir/__/__/Drivers/STM32F4xx_HAL_Driver/Src/stm32f4xx_hal_dma.c.obj:(.debug_line)
    4dc0     4dc0      29e     1         cmake/stm32cubemx/CMakeFiles/STM32_Drivers.dir/__/__/Drivers/STM32F4xx_HAL_Driver/Src/stm32f4xx_hal_pwr.c.obj:(.debug_line)
    505e     505e      210     1         cmake/stm32cubemx/CMakeFiles/STM32_Drivers.dir/__/__/Drivers/STM32F4xx_HAL_Driver/Src/stm32f4xx_hal_pwr_ex.c.obj:(.debug_line)
    526e     526e      4e5     1         cmake/stm32cubemx/CMakeFiles/STM32_Drivers.dir/__/__/Drivers/STM32F4xx_HAL_Driver/Src/stm32f4xx_hal_cortex.c.obj:(.debug_line)
    5753     5753      387     1         cmake/stm32cubemx/CMakeFiles/STM32_Drivers.dir/__/__/Drivers/STM32F4xx_HAL_Driver/Src/stm32f4xx_hal.c.obj:(.debug_line)
    5ada     5ada      3a9     1         cmake/stm32cubemx/CMakeFiles/STM32_Drivers.dir/__/__/Drivers/STM32F4xx_HAL_Driver/Src/stm32f4xx_hal_exti.c.obj:(.debug_line)
    5e83     5e83     38e1     1         cmake/stm32cubemx/CMakeFiles/STM32_Drivers.dir/__/__/Drivers/STM32F4xx_HAL_Driver/Src/stm32f4xx_hal_i2c.c.obj:(.debug_line)
    9764     9764      cd5     1         cmake/stm32cubemx/CMakeFiles/STM32_Drivers.dir/__/__/Drivers/STM32F4xx_HAL_Driver/Src/stm32f4xx_hal_i2s.c.obj:(.debug_line)
    a439     a439      8bc     1         cmake/stm32cubemx/CMakeFiles/STM32_Drivers.dir/__/__/Drivers/STM32F4xx_HAL_Driver/Src/stm32f4xx_hal_i2s_ex.c.obj:(.debug_line)
    acf5     acf5     17c7     1         cmake/stm32cubemx/CMakeFiles/STM32_Drivers.dir/__/__/Drivers/STM32F4xx_HAL_Driver/Src/stm32f4xx_hal_spi.c.obj:(.debug_line)
    c4bc     c4bc      82f     1         cmake/stm32cubemx/CMakeFiles/USB_Host_Library.dir/__/__/Middlewares/ST/STM32_USB_Host_Library/Core/Src/usbh_core.c.obj:(.debug_line)
    cceb     cceb      7ef     1         cmake/stm32cubemx/CMakeFiles/USB_Host_Library.dir/__/__/Middlewares/ST/STM32_USB_Host_Library/Core/Src/usbh_ctlreq.c.obj:(.debug_line)
    d4da     d4da      1f2     1         cmake/stm32cubemx/CMakeFiles/USB_Host_Library.dir/__/__/Middlewares/ST/STM32_USB_Host_Library/Core/Src/usbh_ioreq.c.obj:(.debug_line)
    d6cc     d6cc      140     1         cmake/stm32cubemx/CMakeFiles/USB_Host_Library.dir/__/__/Middlewares/ST/STM32_USB_Host_Library/Core/Src/usbh_pipes.c.obj:(.debug_line)
    d80c     d80c      672     1         cmake/stm32cubemx/CMakeFiles/USB_Host_Library.dir/__/__/Middlewares/ST/STM32_USB_Host_Library/Class/CDC/Src/usbh_cdc.c.obj:(.debug_line)
    de7e     de7e      50a     1         CMakeFiles/work.dir/USB_HOST/Target/usbh_conf.c.obj:(.debug_line)
    e388     e388       d7     1         CMakeFiles/work.dir/USB_HOST/Target/usbh_platform.c.obj:(.debug_line)
    e45f     e45f      160     1         CMakeFiles/work.dir/USB_HOST/App/usb_host.c.obj:(.debug_line)
    e5bf     e5bf      4cb     1         CMakeFiles/work.dir/Core/Src/main.c.obj:(.debug_line)
    ea8a     ea8a      22b     1         CMakeFiles/work.dir/Core/Src/stm32f4xx_it.c.obj:(.debug_line)
    ecb5     ecb5      342     1         CMakeFiles/work.dir/Core/Src/stm32f4xx_hal_msp.c.obj:(.debug_line)
    eff7     eff7       f7     1         CMakeFiles/work.dir/Core/Src/sysmem.c.obj:(.debug_line)
    f0ee     f0ee      357     1         CMakeFiles/work.dir/Core/Src/syscalls.c.obj:(.debug_line)
    f445     f445       6b     1         CMakeFiles/work.dir/startup_stm32f407xx.s.obj:(.debug_line)
       0        0     194f     1 .debug_line_str
       0        0     194f     1         <internal>:(.debug_line_str)
       0        0       28     1 .debug_aranges
       0        0       28     1         CMakeFiles/work.dir/startup_stm32f407xx.s.obj:(.debug_aranges)
       0        0     2570     4 .symtab
       0        0     2570     4         <internal>:(.symtab)
       0        0      153     1 .shstrtab
       0        0      153     1         <internal>:(.shstrtab)
       0        0     1bb4     1 .strtab
       0        0     1bb4     1         <internal>:(.strtab)
