15:12:32 **** Incremental Build of configuration Debug for project 0_led_toggle_address ****
make -j8 all 
arm-none-eabi-gcc "../Src/main.c" -mcpu=cortex-m4 -std=gnu11 -g3 -DDEBUG -DSTM32 -DSTM32F4 -DSTM32F446RETx -DNUCLEO_F446RE -c -I../Inc -O0 -ffunction-sections -fdata-sections -Wall -fstack-usage -fcyclomatic-complexity -MMD -MP -MF"Src/main.d" -MT"Src/main.o" --specs=nano.specs -mfpu=fpv4-sp-d16 -mfloat-abi=hard -mthumb -o "Src/main.o"
../Src/main.c:23:4: warning: #warning "FPU is not initialized, but the project is compiling for an FPU. Please initialize the FPU before use." [-Wcpp]
   23 |   #warning "FPU is not initialized, but the project is compiling for an FPU. Please initialize the FPU before use."
      |    ^~~~~~~
arm-none-eabi-gcc -o "0_led_toggle_address.elf" @"objects.list"   -mcpu=cortex-m4 -T"Z:\gitSpace\stm32learn\udemy embed c begin\myworkspace\target\section1_registers\0_led_toggle_address\STM32F446RETX_FLASH.ld" --specs=nosys.specs -Wl,-Map="0_led_toggle_address.map" -Wl,--gc-sections -static --specs=nano.specs -mfpu=fpv4-sp-d16 -mfloat-abi=hard -mthumb -Wl,--start-group -lc -lm -Wl,--end-group
Finished building target: 0_led_toggle_address.elf
 
arm-none-eabi-size  0_led_toggle_address.elf 
arm-none-eabi-objdump -h -S 0_led_toggle_address.elf  > "0_led_toggle_address.list"
   text	   data	    bss	    dec	    hex	filename
   4880	     92	   1900	   6872	   1ad8	0_led_toggle_address.elf
Finished building: default.size.stdout
 
Finished building: 0_led_toggle_address.list
 

15:12:33 Build Finished. 0 errors, 1 warnings. (took 851ms)

