USB_HOST/Target/usbh_conf.c:62:HAL_HCD_MspInit	48	static
USB_HOST/Target/usbh_conf.c:102:HAL_HCD_MspDeInit	8	static
USB_HOST/Target/usbh_conf.c:134:HAL_HCD_SOF_Callback	0	static
USB_HOST/Target/usbh_conf.c:144:HAL_HCD_Connect_Callback	0	static
USB_HOST/Target/usbh_conf.c:154:HAL_HCD_Disconnect_Callback	0	static
USB_HOST/Target/usbh_conf.c:166:HAL_HCD_HC_NotifyURBChange_Callback	0	static
USB_HOST/Target/usbh_conf.c:178:HAL_HCD_PortEnabled_Callback	0	static
USB_HOST/Target/usbh_conf.c:188:HAL_HCD_PortDisabled_Callback	0	static
USB_HOST/Target/usbh_conf.c:202:USBH_LL_Init	8	static
USB_HOST/Target/usbh_conf.c:232:USBH_LL_DeInit	8	static
USB_HOST/Target/usbh_conf.c:543:USBH_Get_USB_Status	0	static
USB_HOST/Target/usbh_conf.c:249:USBH_LL_Start	8	static
USB_HOST/Target/usbh_conf.c:266:USBH_LL_Stop	8	static
USB_HOST/Target/usbh_conf.c:283:USBH_LL_GetSpeed	8	static
USB_HOST/Target/usbh_conf.c:313:USBH_LL_ResetPort	8	static
USB_HOST/Target/usbh_conf.c:331:USBH_LL_GetLastXferSize	0	static
USB_HOST/Target/usbh_conf.c:347:USBH_LL_OpenPipe	32	static
USB_HOST/Target/usbh_conf.c:372:USBH_LL_ClosePipe	0	static
USB_HOST/Target/usbh_conf.c:388:USBH_LL_ActivatePipe	0	static
USB_HOST/Target/usbh_conf.c:424:USBH_LL_SubmitURB	32	static
USB_HOST/Target/usbh_conf.c:453:USBH_LL_GetURBState	0	static
USB_HOST/Target/usbh_conf.c:467:USBH_LL_DriverVBUS	16	static
USB_HOST/Target/usbh_conf.c:488:USBH_LL_SetToggle	8	static
USB_HOST/Target/usbh_conf.c:511:USBH_LL_GetToggle	0	static
USB_HOST/Target/usbh_conf.c:533:USBH_Delay	0	static
