Drivers/STM32F4xx_HAL_Driver/Src/stm32f4xx_hal_spi.c:313:HAL_SPI_Init	16	static
Drivers/STM32F4xx_HAL_Driver/Src/stm32f4xx_hal_spi.c:483:HAL_SPI_MspInit	0	static
Drivers/STM32F4xx_HAL_Driver/Src/stm32f4xx_hal_spi.c:439:HAL_SPI_DeInit	8	static
Drivers/STM32F4xx_HAL_Driver/Src/stm32f4xx_hal_spi.c:499:HAL_SPI_MspDeInit	0	static
Drivers/STM32F4xx_HAL_Driver/Src/stm32f4xx_hal_spi.c:771:HAL_SPI_Transmit	32	static
Drivers/STM32F4xx_HAL_Driver/Src/stm32f4xx_hal_spi.c:3617:SPI_EndRxTxTransaction	32	static
Drivers/STM32F4xx_HAL_Driver/Src/stm32f4xx_hal_spi.c:940:HAL_SPI_Receive	32	static
Drivers/STM32F4xx_HAL_Driver/Src/stm32f4xx_hal_spi.c:1140:HAL_SPI_TransmitReceive	56	static
Drivers/STM32F4xx_HAL_Driver/Src/stm32f4xx_hal_spi.c:3567:SPI_EndRxTransaction	24	static
Drivers/STM32F4xx_HAL_Driver/Src/stm32f4xx_hal_spi.c:1391:HAL_SPI_Transmit_IT	16	static
Drivers/STM32F4xx_HAL_Driver/Src/stm32f4xx_hal_spi.c:3467:SPI_TxISR_16BIT	0	static
Drivers/STM32F4xx_HAL_Driver/Src/stm32f4xx_hal_spi.c:3442:SPI_TxISR_8BIT	0	static
Drivers/STM32F4xx_HAL_Driver/Src/stm32f4xx_hal_spi.c:1473:HAL_SPI_Receive_IT	16	static
Drivers/STM32F4xx_HAL_Driver/Src/stm32f4xx_hal_spi.c:1564:HAL_SPI_TransmitReceive_IT	24	static
Drivers/STM32F4xx_HAL_Driver/Src/stm32f4xx_hal_spi.c:3409:SPI_RxISR_16BIT	0	static
Drivers/STM32F4xx_HAL_Driver/Src/stm32f4xx_hal_spi.c:3353:SPI_RxISR_8BIT	0	static
Drivers/STM32F4xx_HAL_Driver/Src/stm32f4xx_hal_spi.c:3237:SPI_2linesRxISR_16BIT	0	static
Drivers/STM32F4xx_HAL_Driver/Src/stm32f4xx_hal_spi.c:3293:SPI_2linesTxISR_16BIT	0	static
Drivers/STM32F4xx_HAL_Driver/Src/stm32f4xx_hal_spi.c:3138:SPI_2linesRxISR_8BIT	0	static
Drivers/STM32F4xx_HAL_Driver/Src/stm32f4xx_hal_spi.c:3201:SPI_2linesTxISR_8BIT	0	static
Drivers/STM32F4xx_HAL_Driver/Src/stm32f4xx_hal_spi.c:1651:HAL_SPI_Transmit_DMA	16	static
Drivers/STM32F4xx_HAL_Driver/Src/stm32f4xx_hal_spi.c:2915:SPI_DMAHalfTransmitCplt	0	static
Drivers/STM32F4xx_HAL_Driver/Src/stm32f4xx_hal_spi.c:2689:SPI_DMATransmitCplt	24	static
Drivers/STM32F4xx_HAL_Driver/Src/stm32f4xx_hal_spi.c:2969:SPI_DMAError	0	static
Drivers/STM32F4xx_HAL_Driver/Src/stm32f4xx_hal_spi.c:1755:HAL_SPI_Receive_DMA	24	static
Drivers/STM32F4xx_HAL_Driver/Src/stm32f4xx_hal_spi.c:1865:HAL_SPI_TransmitReceive_DMA	40	static
Drivers/STM32F4xx_HAL_Driver/Src/stm32f4xx_hal_spi.c:2933:SPI_DMAHalfReceiveCplt	0	static
Drivers/STM32F4xx_HAL_Driver/Src/stm32f4xx_hal_spi.c:2746:SPI_DMAReceiveCplt	16	static
Drivers/STM32F4xx_HAL_Driver/Src/stm32f4xx_hal_spi.c:2951:SPI_DMAHalfTransmitReceiveCplt	0	static
Drivers/STM32F4xx_HAL_Driver/Src/stm32f4xx_hal_spi.c:2835:SPI_DMATransmitReceiveCplt	16	static
Drivers/STM32F4xx_HAL_Driver/Src/stm32f4xx_hal_spi.c:2008:HAL_SPI_Abort	24	static
Drivers/STM32F4xx_HAL_Driver/Src/stm32f4xx_hal_spi.c:3921:SPI_AbortTx_ISR	0	static
Drivers/STM32F4xx_HAL_Driver/Src/stm32f4xx_hal_spi.c:3885:SPI_AbortRx_ISR	8	static
Drivers/STM32F4xx_HAL_Driver/Src/stm32f4xx_hal_spi.c:2153:HAL_SPI_Abort_IT	32	static
Drivers/STM32F4xx_HAL_Driver/Src/stm32f4xx_hal_spi.c:3014:SPI_DMATxAbortCallback	12	static
Drivers/STM32F4xx_HAL_Driver/Src/stm32f4xx_hal_spi.c:3079:SPI_DMARxAbortCallback	24	static
Drivers/STM32F4xx_HAL_Driver/Src/stm32f4xx_hal_spi.c:2617:HAL_SPI_AbortCpltCallback	0	static
Drivers/STM32F4xx_HAL_Driver/Src/stm32f4xx_hal_spi.c:2314:HAL_SPI_DMAPause	0	static
Drivers/STM32F4xx_HAL_Driver/Src/stm32f4xx_hal_spi.c:2334:HAL_SPI_DMAResume	0	static
Drivers/STM32F4xx_HAL_Driver/Src/stm32f4xx_hal_spi.c:2354:HAL_SPI_DMAStop	16	static
Drivers/STM32F4xx_HAL_Driver/Src/stm32f4xx_hal_spi.c:2396:HAL_SPI_IRQHandler	24	static
Drivers/STM32F4xx_HAL_Driver/Src/stm32f4xx_hal_spi.c:2992:SPI_DMAAbortOnError	0	static
Drivers/STM32F4xx_HAL_Driver/Src/stm32f4xx_hal_spi.c:2599:HAL_SPI_ErrorCallback	0	static
Drivers/STM32F4xx_HAL_Driver/Src/stm32f4xx_hal_spi.c:2503:HAL_SPI_TxCpltCallback	0	static
Drivers/STM32F4xx_HAL_Driver/Src/stm32f4xx_hal_spi.c:2519:HAL_SPI_RxCpltCallback	0	static
Drivers/STM32F4xx_HAL_Driver/Src/stm32f4xx_hal_spi.c:2535:HAL_SPI_TxRxCpltCallback	0	static
Drivers/STM32F4xx_HAL_Driver/Src/stm32f4xx_hal_spi.c:2551:HAL_SPI_TxHalfCpltCallback	0	static
Drivers/STM32F4xx_HAL_Driver/Src/stm32f4xx_hal_spi.c:2567:HAL_SPI_RxHalfCpltCallback	0	static
Drivers/STM32F4xx_HAL_Driver/Src/stm32f4xx_hal_spi.c:2583:HAL_SPI_TxRxHalfCpltCallback	0	static
Drivers/STM32F4xx_HAL_Driver/Src/stm32f4xx_hal_spi.c:2652:HAL_SPI_GetState	0	static
Drivers/STM32F4xx_HAL_Driver/Src/stm32f4xx_hal_spi.c:2664:HAL_SPI_GetError	0	static
Drivers/STM32F4xx_HAL_Driver/Src/stm32f4xx_hal_spi.c:3666:SPI_CloseRxTx_ISR	24	static
Drivers/STM32F4xx_HAL_Driver/Src/stm32f4xx_hal_spi.c:3761:SPI_CloseRx_ISR	16	static
Drivers/STM32F4xx_HAL_Driver/Src/stm32f4xx_hal_spi.c:3824:SPI_CloseTx_ISR	24	static
Drivers/STM32F4xx_HAL_Driver/Src/stm32f4xx_hal_spi.c:3497:SPI_WaitFlagStateUntilTimeout	40	static
