Drivers/STM32F4xx_HAL_Driver/Src/stm32f4xx_hal_i2s_ex.c:206:HAL_I2SEx_TransmitReceive	56	static
Drivers/STM32F4xx_HAL_Driver/Src/stm32f4xx_hal_i2s_ex.c:439:HAL_I2SEx_TransmitReceive_IT	24	static
Drivers/STM32F4xx_HAL_Driver/Src/stm32f4xx_hal_i2s_ex.c:548:HAL_I2SEx_TransmitReceive_DMA	48	static
Drivers/STM32F4xx_HAL_Driver/Src/stm32f4xx_hal_i2s_ex.c:863:I2SEx_TxRxDMAHalfCplt	0	static
Drivers/STM32F4xx_HAL_Driver/Src/stm32f4xx_hal_i2s_ex.c:881:I2SEx_TxRxDMACplt	0	static
Drivers/STM32F4xx_HAL_Driver/Src/stm32f4xx_hal_i2s_ex.c:920:I2SEx_TxRxDMAError	8	static
Drivers/STM32F4xx_HAL_Driver/Src/stm32f4xx_hal_i2s_ex.c:674:HAL_I2SEx_FullDuplex_IRQHandler	48	static
Drivers/STM32F4xx_HAL_Driver/Src/stm32f4xx_hal_i2s_ex.c:820:HAL_I2SEx_TxRxHalfCpltCallback	0	static
Drivers/STM32F4xx_HAL_Driver/Src/stm32f4xx_hal_i2s_ex.c:835:HAL_I2SEx_TxRxCpltCallback	0	static
