Drivers/STM32F4xx_HAL_Driver/Src/stm32f4xx_ll_usb.c:83:USB_CoreInit	44	static
Drivers/STM32F4xx_HAL_Driver/Src/stm32f4xx_ll_usb.c:139:USB_SetTurnaroundTime	0	static
Drivers/STM32F4xx_HAL_Driver/Src/stm32f4xx_ll_usb.c:222:USB_EnableGlobalInt	0	static
Drivers/STM32F4xx_HAL_Driver/Src/stm32f4xx_ll_usb.c:234:USB_DisableGlobalInt	0	static
Drivers/STM32F4xx_HAL_Driver/Src/stm32f4xx_ll_usb.c:249:USB_SetCurrentMode	16	static
Drivers/STM32F4xx_HAL_Driver/Src/stm32f4xx_ll_usb.c:1341:USB_GetMode	0	static
Drivers/STM32F4xx_HAL_Driver/Src/stm32f4xx_ll_usb.c:296:USB_DevInit	60	static
Drivers/STM32F4xx_HAL_Driver/Src/stm32f4xx_ll_usb.c:553:USB_SetDevSpeed	0	static
Drivers/STM32F4xx_HAL_Driver/Src/stm32f4xx_ll_usb.c:473:USB_FlushTxFifo	4	static
Drivers/STM32F4xx_HAL_Driver/Src/stm32f4xx_ll_usb.c:510:USB_FlushRxFifo	4	static
Drivers/STM32F4xx_HAL_Driver/Src/stm32f4xx_ll_usb.c:569:USB_GetDevSpeed	0	static
Drivers/STM32F4xx_HAL_Driver/Src/stm32f4xx_ll_usb.c:598:USB_ActivateEndpoint	8	static
Drivers/STM32F4xx_HAL_Driver/Src/stm32f4xx_ll_usb.c:636:USB_ActivateDedicatedEndpoint	16	static
Drivers/STM32F4xx_HAL_Driver/Src/stm32f4xx_ll_usb.c:675:USB_DeactivateEndpoint	16	static
Drivers/STM32F4xx_HAL_Driver/Src/stm32f4xx_ll_usb.c:722:USB_DeactivateDedicatedEndpoint	8	static
Drivers/STM32F4xx_HAL_Driver/Src/stm32f4xx_ll_usb.c:764:USB_EPStartXfer	24	static
Drivers/STM32F4xx_HAL_Driver/Src/stm32f4xx_ll_usb.c:1000:USB_WritePacket	24	static
Drivers/STM32F4xx_HAL_Driver/Src/stm32f4xx_ll_usb.c:936:USB_EPStopXfer	12	static
Drivers/STM32F4xx_HAL_Driver/Src/stm32f4xx_ll_usb.c:1031:USB_ReadPacket	20	static
Drivers/STM32F4xx_HAL_Driver/Src/stm32f4xx_ll_usb.c:1073:USB_EPSetStall	0	static
Drivers/STM32F4xx_HAL_Driver/Src/stm32f4xx_ll_usb.c:1104:USB_EPClearStall	0	static
Drivers/STM32F4xx_HAL_Driver/Src/stm32f4xx_ll_usb.c:1133:USB_StopDevice	8	static
Drivers/STM32F4xx_HAL_Driver/Src/stm32f4xx_ll_usb.c:1174:USB_SetDevAddress	0	static
Drivers/STM32F4xx_HAL_Driver/Src/stm32f4xx_ll_usb.c:1189:USB_DevConnect	0	static
Drivers/STM32F4xx_HAL_Driver/Src/stm32f4xx_ll_usb.c:1206:USB_DevDisconnect	0	static
Drivers/STM32F4xx_HAL_Driver/Src/stm32f4xx_ll_usb.c:1223:USB_ReadInterrupts	0	static
Drivers/STM32F4xx_HAL_Driver/Src/stm32f4xx_ll_usb.c:1239:USB_ReadChInterrupts	0	static
Drivers/STM32F4xx_HAL_Driver/Src/stm32f4xx_ll_usb.c:1255:USB_ReadDevAllOutEpInterrupt	0	static
Drivers/STM32F4xx_HAL_Driver/Src/stm32f4xx_ll_usb.c:1271:USB_ReadDevAllInEpInterrupt	0	static
Drivers/STM32F4xx_HAL_Driver/Src/stm32f4xx_ll_usb.c:1289:USB_ReadDevOutEPInterrupt	0	static
Drivers/STM32F4xx_HAL_Driver/Src/stm32f4xx_ll_usb.c:1307:USB_ReadDevInEPInterrupt	8	static
Drivers/STM32F4xx_HAL_Driver/Src/stm32f4xx_ll_usb.c:1328:USB_ClearInterrupts	0	static
Drivers/STM32F4xx_HAL_Driver/Src/stm32f4xx_ll_usb.c:1351:USB_ActivateSetup	0	static
Drivers/STM32F4xx_HAL_Driver/Src/stm32f4xx_ll_usb.c:1373:USB_EP0_OutStart	0	static
Drivers/STM32F4xx_HAL_Driver/Src/stm32f4xx_ll_usb.c:1453:USB_HostInit	60	static
Drivers/STM32F4xx_HAL_Driver/Src/stm32f4xx_ll_usb.c:1568:USB_InitFSLSPClkSel	0	static
Drivers/STM32F4xx_HAL_Driver/Src/stm32f4xx_ll_usb.c:1598:USB_ResetPort	16	static
Drivers/STM32F4xx_HAL_Driver/Src/stm32f4xx_ll_usb.c:1625:USB_DriveVbus	4	static
Drivers/STM32F4xx_HAL_Driver/Src/stm32f4xx_ll_usb.c:1655:USB_GetHostSpeed	4	static
Drivers/STM32F4xx_HAL_Driver/Src/stm32f4xx_ll_usb.c:1669:USB_GetCurrentFrame	0	static
Drivers/STM32F4xx_HAL_Driver/Src/stm32f4xx_ll_usb.c:1700:USB_HC_Init	40	static
Drivers/STM32F4xx_HAL_Driver/Src/stm32f4xx_ll_usb.c:1832:USB_HC_StartXfer	32	static
Drivers/STM32F4xx_HAL_Driver/Src/stm32f4xx_ll_usb.c:2193:USB_DoPing	0	static
Drivers/STM32F4xx_HAL_Driver/Src/stm32f4xx_ll_usb.c:2095:USB_HC_ReadInterrupt	0	static
Drivers/STM32F4xx_HAL_Driver/Src/stm32f4xx_ll_usb.c:2109:USB_HC_Halt	20	static
Drivers/STM32F4xx_HAL_Driver/Src/stm32f4xx_ll_usb.c:2217:USB_StopHost	28	static
Drivers/STM32F4xx_HAL_Driver/Src/stm32f4xx_ll_usb.c:2282:USB_ActivateRemoteWakeup	0	static
Drivers/STM32F4xx_HAL_Driver/Src/stm32f4xx_ll_usb.c:2300:USB_DeActivateRemoteWakeup	0	static
