Drivers/STM32F4xx_HAL_Driver/Src/stm32f4xx_hal_i2c.c:445:HAL_I2C_Init	24	static
Drivers/STM32F4xx_HAL_Driver/Src/stm32f4xx_hal_i2c.c:606:HAL_I2C_MspInit	0	static
Drivers/STM32F4xx_HAL_Driver/Src/stm32f4xx_hal_i2c.c:560:HAL_I2C_DeInit	8	static
Drivers/STM32F4xx_HAL_Driver/Src/stm32f4xx_hal_i2c.c:622:HAL_I2C_MspDeInit	0	static
Drivers/STM32F4xx_HAL_Driver/Src/stm32f4xx_hal_i2c.c:1056:HAL_I2C_Master_Transmit	40	static
Drivers/STM32F4xx_HAL_Driver/Src/stm32f4xx_hal_i2c.c:7221:I2C_WaitOnFlagUntilTimeout	40	static
Drivers/STM32F4xx_HAL_Driver/Src/stm32f4xx_hal_i2c.c:7353:I2C_WaitOnBTFFlagUntilTimeout	24	static
Drivers/STM32F4xx_HAL_Driver/Src/stm32f4xx_hal_i2c.c:1177:HAL_I2C_Master_Receive	40	static
Drivers/STM32F4xx_HAL_Driver/Src/stm32f4xx_hal_i2c.c:1428:HAL_I2C_Slave_Transmit	48	static
Drivers/STM32F4xx_HAL_Driver/Src/stm32f4xx_hal_i2c.c:1558:HAL_I2C_Slave_Receive	40	static
Drivers/STM32F4xx_HAL_Driver/Src/stm32f4xx_hal_i2c.c:1679:HAL_I2C_Master_Transmit_IT	12	static
Drivers/STM32F4xx_HAL_Driver/Src/stm32f4xx_hal_i2c.c:1756:HAL_I2C_Master_Receive_IT	12	static
Drivers/STM32F4xx_HAL_Driver/Src/stm32f4xx_hal_i2c.c:1836:HAL_I2C_Slave_Transmit_IT	8	static
Drivers/STM32F4xx_HAL_Driver/Src/stm32f4xx_hal_i2c.c:1898:HAL_I2C_Slave_Receive_IT	8	static
Drivers/STM32F4xx_HAL_Driver/Src/stm32f4xx_hal_i2c.c:1962:HAL_I2C_Master_Transmit_DMA	32	static
Drivers/STM32F4xx_HAL_Driver/Src/stm32f4xx_hal_i2c.c:6932:I2C_DMAXferCplt	24	static
Drivers/STM32F4xx_HAL_Driver/Src/stm32f4xx_hal_i2c.c:7077:I2C_DMAError	16	static
Drivers/STM32F4xx_HAL_Driver/Src/stm32f4xx_hal_i2c.c:2117:HAL_I2C_Master_Receive_DMA	32	static
Drivers/STM32F4xx_HAL_Driver/Src/stm32f4xx_hal_i2c.c:2270:HAL_I2C_Slave_Transmit_DMA	24	static
Drivers/STM32F4xx_HAL_Driver/Src/stm32f4xx_hal_i2c.c:2384:HAL_I2C_Slave_Receive_DMA	24	static
Drivers/STM32F4xx_HAL_Driver/Src/stm32f4xx_hal_i2c.c:2503:HAL_I2C_Mem_Write	48	static
Drivers/STM32F4xx_HAL_Driver/Src/stm32f4xx_hal_i2c.c:6743:I2C_RequestMemoryWrite	40	static
Drivers/STM32F4xx_HAL_Driver/Src/stm32f4xx_hal_i2c.c:2626:HAL_I2C_Mem_Read	48	static
Drivers/STM32F4xx_HAL_Driver/Src/stm32f4xx_hal_i2c.c:6823:I2C_RequestMemoryRead	48	static
Drivers/STM32F4xx_HAL_Driver/Src/stm32f4xx_hal_i2c.c:2878:HAL_I2C_Mem_Write_IT	20	static
Drivers/STM32F4xx_HAL_Driver/Src/stm32f4xx_hal_i2c.c:2963:HAL_I2C_Mem_Read_IT	24	static
Drivers/STM32F4xx_HAL_Driver/Src/stm32f4xx_hal_i2c.c:3054:HAL_I2C_Mem_Write_DMA	56	static
Drivers/STM32F4xx_HAL_Driver/Src/stm32f4xx_hal_i2c.c:3236:HAL_I2C_Mem_Read_DMA	64	static
Drivers/STM32F4xx_HAL_Driver/Src/stm32f4xx_hal_i2c.c:3432:HAL_I2C_IsDeviceReady	56	static
Drivers/STM32F4xx_HAL_Driver/Src/stm32f4xx_hal_i2c.c:3568:HAL_I2C_Master_Seq_Transmit_IT	24	static
Drivers/STM32F4xx_HAL_Driver/Src/stm32f4xx_hal_i2c.c:3663:HAL_I2C_Master_Seq_Transmit_DMA	40	static
Drivers/STM32F4xx_HAL_Driver/Src/stm32f4xx_hal_i2c.c:3843:HAL_I2C_Master_Seq_Receive_IT	24	static
Drivers/STM32F4xx_HAL_Driver/Src/stm32f4xx_hal_i2c.c:3964:HAL_I2C_Master_Seq_Receive_DMA	40	static
Drivers/STM32F4xx_HAL_Driver/Src/stm32f4xx_hal_i2c.c:4179:HAL_I2C_Slave_Seq_Transmit_IT	12	static
Drivers/STM32F4xx_HAL_Driver/Src/stm32f4xx_hal_i2c.c:4245:HAL_I2C_Slave_Seq_Transmit_DMA	32	static
Drivers/STM32F4xx_HAL_Driver/Src/stm32f4xx_hal_i2c.c:7118:I2C_DMAAbort	12	static
Drivers/STM32F4xx_HAL_Driver/Src/stm32f4xx_hal_i2c.c:4419:HAL_I2C_Slave_Seq_Receive_IT	12	static
Drivers/STM32F4xx_HAL_Driver/Src/stm32f4xx_hal_i2c.c:4485:HAL_I2C_Slave_Seq_Receive_DMA	32	static
Drivers/STM32F4xx_HAL_Driver/Src/stm32f4xx_hal_i2c.c:4655:HAL_I2C_EnableListen_IT	0	static
Drivers/STM32F4xx_HAL_Driver/Src/stm32f4xx_hal_i2c.c:4688:HAL_I2C_DisableListen_IT	0	static
Drivers/STM32F4xx_HAL_Driver/Src/stm32f4xx_hal_i2c.c:4723:HAL_I2C_Master_Abort_IT	24	static
Drivers/STM32F4xx_HAL_Driver/Src/stm32f4xx_hal_i2c.c:6407:I2C_ITError	16	static
Drivers/STM32F4xx_HAL_Driver/Src/stm32f4xx_hal_i2c.c:4783:HAL_I2C_EV_IRQHandler	48	static
Drivers/STM32F4xx_HAL_Driver/Src/stm32f4xx_hal_i2c.c:5260:I2C_MasterTransmit_TXE	8	static
Drivers/STM32F4xx_HAL_Driver/Src/stm32f4xx_hal_i2c.c:5354:I2C_MasterTransmit_BTF	0	static
Drivers/STM32F4xx_HAL_Driver/Src/stm32f4xx_hal_i2c.c:5433:I2C_MemoryTransmit_TXE_BTF	0	static
Drivers/STM32F4xx_HAL_Driver/Src/stm32f4xx_hal_i2c.c:5520:I2C_MasterReceive_RXNE	24	static
Drivers/STM32F4xx_HAL_Driver/Src/stm32f4xx_hal_i2c.c:5639:I2C_MasterReceive_BTF	0	static
Drivers/STM32F4xx_HAL_Driver/Src/stm32f4xx_hal_i2c.c:4952:HAL_I2C_ER_IRQHandler	40	static
Drivers/STM32F4xx_HAL_Driver/Src/stm32f4xx_hal_i2c.c:5032:HAL_I2C_MasterTxCpltCallback	0	static
Drivers/STM32F4xx_HAL_Driver/Src/stm32f4xx_hal_i2c.c:5048:HAL_I2C_MasterRxCpltCallback	0	static
Drivers/STM32F4xx_HAL_Driver/Src/stm32f4xx_hal_i2c.c:5063:HAL_I2C_SlaveTxCpltCallback	0	static
Drivers/STM32F4xx_HAL_Driver/Src/stm32f4xx_hal_i2c.c:5079:HAL_I2C_SlaveRxCpltCallback	0	static
Drivers/STM32F4xx_HAL_Driver/Src/stm32f4xx_hal_i2c.c:5097:HAL_I2C_AddrCallback	0	static
Drivers/STM32F4xx_HAL_Driver/Src/stm32f4xx_hal_i2c.c:5115:HAL_I2C_ListenCpltCallback	0	static
Drivers/STM32F4xx_HAL_Driver/Src/stm32f4xx_hal_i2c.c:5131:HAL_I2C_MemTxCpltCallback	0	static
Drivers/STM32F4xx_HAL_Driver/Src/stm32f4xx_hal_i2c.c:5147:HAL_I2C_MemRxCpltCallback	0	static
Drivers/STM32F4xx_HAL_Driver/Src/stm32f4xx_hal_i2c.c:5163:HAL_I2C_ErrorCallback	0	static
Drivers/STM32F4xx_HAL_Driver/Src/stm32f4xx_hal_i2c.c:5179:HAL_I2C_AbortCpltCallback	0	static
Drivers/STM32F4xx_HAL_Driver/Src/stm32f4xx_hal_i2c.c:5214:HAL_I2C_GetState	0	static
Drivers/STM32F4xx_HAL_Driver/Src/stm32f4xx_hal_i2c.c:5226:HAL_I2C_GetMode	0	static
Drivers/STM32F4xx_HAL_Driver/Src/stm32f4xx_hal_i2c.c:5237:HAL_I2C_GetError	0	static
Drivers/STM32F4xx_HAL_Driver/Src/stm32f4xx_hal_i2c.c:7258:I2C_WaitOnMasterAddressFlagUntilTimeout	32	static
