Drivers/STM32F4xx_HAL_Driver/Src/stm32f4xx_hal_i2s.c:265:HAL_I2S_Init	40	static
Drivers/STM32F4xx_HAL_Driver/Src/stm32f4xx_hal_i2s.c:1974:I2S_IRQHandler	24	static
Drivers/STM32F4xx_HAL_Driver/Src/stm32f4xx_hal_i2s.c:539:HAL_I2S_MspInit	0	static
Drivers/STM32F4xx_HAL_Driver/Src/stm32f4xx_hal_i2s.c:495:HAL_I2S_DeInit	8	static
Drivers/STM32F4xx_HAL_Driver/Src/stm32f4xx_hal_i2s.c:555:HAL_I2S_MspDeInit	0	static
Drivers/STM32F4xx_HAL_Driver/Src/stm32f4xx_hal_i2s.c:842:HAL_I2S_Transmit	40	static
Drivers/STM32F4xx_HAL_Driver/Src/stm32f4xx_hal_i2s.c:2051:I2S_WaitFlagStateUntilTimeout	32	static
Drivers/STM32F4xx_HAL_Driver/Src/stm32f4xx_hal_i2s.c:960:HAL_I2S_Receive	48	static
Drivers/STM32F4xx_HAL_Driver/Src/stm32f4xx_hal_i2s.c:1057:HAL_I2S_Transmit_IT	8	static
Drivers/STM32F4xx_HAL_Driver/Src/stm32f4xx_hal_i2s.c:1123:HAL_I2S_Receive_IT	8	static
Drivers/STM32F4xx_HAL_Driver/Src/stm32f4xx_hal_i2s.c:1187:HAL_I2S_Transmit_DMA	24	static
Drivers/STM32F4xx_HAL_Driver/Src/stm32f4xx_hal_i2s.c:1829:I2S_DMATxHalfCplt	0	static
Drivers/STM32F4xx_HAL_Driver/Src/stm32f4xx_hal_i2s.c:1802:I2S_DMATxCplt	0	static
Drivers/STM32F4xx_HAL_Driver/Src/stm32f4xx_hal_i2s.c:1891:I2S_DMAError	0	static
Drivers/STM32F4xx_HAL_Driver/Src/stm32f4xx_hal_i2s.c:1278:HAL_I2S_Receive_DMA	32	static
Drivers/STM32F4xx_HAL_Driver/Src/stm32f4xx_hal_i2s.c:1873:I2S_DMARxHalfCplt	0	static
Drivers/STM32F4xx_HAL_Driver/Src/stm32f4xx_hal_i2s.c:1847:I2S_DMARxCplt	0	static
Drivers/STM32F4xx_HAL_Driver/Src/stm32f4xx_hal_i2s.c:1367:HAL_I2S_DMAPause	0	static
Drivers/STM32F4xx_HAL_Driver/Src/stm32f4xx_hal_i2s.c:1407:HAL_I2S_DMAResume	0	static
Drivers/STM32F4xx_HAL_Driver/Src/stm32f4xx_hal_i2s.c:1461:HAL_I2S_DMAStop	32	static
Drivers/STM32F4xx_HAL_Driver/Src/stm32f4xx_hal_i2s.c:1659:HAL_I2S_IRQHandler	0	static
Drivers/STM32F4xx_HAL_Driver/Src/stm32f4xx_hal_i2s.c:1671:HAL_I2S_TxHalfCpltCallback	0	static
Drivers/STM32F4xx_HAL_Driver/Src/stm32f4xx_hal_i2s.c:1687:HAL_I2S_TxCpltCallback	0	static
Drivers/STM32F4xx_HAL_Driver/Src/stm32f4xx_hal_i2s.c:1703:HAL_I2S_RxHalfCpltCallback	0	static
Drivers/STM32F4xx_HAL_Driver/Src/stm32f4xx_hal_i2s.c:1719:HAL_I2S_RxCpltCallback	0	static
Drivers/STM32F4xx_HAL_Driver/Src/stm32f4xx_hal_i2s.c:1735:HAL_I2S_ErrorCallback	0	static
Drivers/STM32F4xx_HAL_Driver/Src/stm32f4xx_hal_i2s.c:1770:HAL_I2S_GetState	0	static
Drivers/STM32F4xx_HAL_Driver/Src/stm32f4xx_hal_i2s.c:1781:HAL_I2S_GetError	0	static
